[Mon Mar 21 11:52:56.144184 2022] [ssl:warn] [pid 12104:tid 400] AH01909: www.example.com:443:0 server certificate does NOT include an ID which matches the server name
[Mon Mar 21 11:52:59.259469 2022] [ssl:warn] [pid 12104:tid 400] AH01909: www.example.com:443:0 server certificate does NOT include an ID which matches the server name
[Mon Mar 21 11:53:13.246037 2022] [mpm_winnt:notice] [pid 12104:tid 400] AH00455: Apache/2.4.52 (Win64) OpenSSL/1.1.1m PHP/8.0.17 configured -- resuming normal operations
[Mon Mar 21 11:53:13.246037 2022] [mpm_winnt:notice] [pid 12104:tid 400] AH00456: Apache Lounge VS16 Server built: Dec 17 2021 10:17:38
[Mon Mar 21 11:53:13.246037 2022] [core:notice] [pid 12104:tid 400] AH00094: Command line: 'C:\\xampp\\apache\\bin\\httpd.exe -d C:/xampp/apache'
[Mon Mar 21 11:53:13.902831 2022] [mpm_winnt:notice] [pid 12104:tid 400] AH00418: Parent: Created child process 21976
[Mon Mar 21 11:53:15.088658 2022] [ssl:warn] [pid 21976:tid 400] AH01909: www.example.com:443:0 server certificate does NOT include an ID which matches the server name
[Mon Mar 21 11:53:15.187393 2022] [ssl:warn] [pid 21976:tid 400] AH01909: www.example.com:443:0 server certificate does NOT include an ID which matches the server name
[Mon Mar 21 11:53:15.324028 2022] [mpm_winnt:notice] [pid 21976:tid 400] AH00354: Child: Starting 150 worker threads.
[Mon Mar 21 11:56:45.235861 2022] [ssl:warn] [pid 4708:tid 636] AH01909: www.example.com:443:0 server certificate does NOT include an ID which matches the server name
[Mon Mar 21 11:56:45.405295 2022] [ssl:warn] [pid 4708:tid 636] AH01909: www.example.com:443:0 server certificate does NOT include an ID which matches the server name
[Mon Mar 21 11:56:45.437325 2022] [mpm_winnt:notice] [pid 4708:tid 636] AH00455: Apache/2.4.52 (Win64) OpenSSL/1.1.1m PHP/8.0.17 configured -- resuming normal operations
[Mon Mar 21 11:56:45.437325 2022] [mpm_winnt:notice] [pid 4708:tid 636] AH00456: Apache Lounge VS16 Server built: Dec 17 2021 10:17:38
[Mon Mar 21 11:56:45.437325 2022] [core:notice] [pid 4708:tid 636] AH00094: Command line: 'c:\\xampp\\apache\\bin\\httpd.exe -d C:/xampp/apache'
[Mon Mar 21 11:56:45.443041 2022] [mpm_winnt:notice] [pid 4708:tid 636] AH00418: Parent: Created child process 5852
[Mon Mar 21 11:56:46.047737 2022] [ssl:warn] [pid 5852:tid 616] AH01909: www.example.com:443:0 server certificate does NOT include an ID which matches the server name
[Mon Mar 21 11:56:46.126684 2022] [ssl:warn] [pid 5852:tid 616] AH01909: www.example.com:443:0 server certificate does NOT include an ID which matches the server name
[Mon Mar 21 11:56:46.149774 2022] [mpm_winnt:notice] [pid 5852:tid 616] AH00354: Child: Starting 150 worker threads.
[Mon Mar 21 14:44:53.541393 2022] [php:error] [pid 5852:tid 1848] [client ::1:61085] PHP Parse error:  syntax error, unexpected token "}", expecting ";" in C:\\xampp\\htdocs\\bizsoft_project\\trialRequest.php on line 85, referer: http://localhost/bizsoft_project/ContactUs.php
[Mon Mar 21 14:51:44.878900 2022] [php:error] [pid 5852:tid 1848] [client ::1:61098] PHP Parse error:  syntax error, unexpected token "}", expecting ";" in C:\\xampp\\htdocs\\bizsoft_project\\trialRequest.php on line 85, referer: http://localhost/bizsoft_project/ContactUs.php
[Mon Mar 21 14:51:45.548990 2022] [php:error] [pid 5852:tid 1848] [client ::1:61098] PHP Parse error:  syntax error, unexpected token "}", expecting ";" in C:\\xampp\\htdocs\\bizsoft_project\\trialRequest.php on line 85, referer: http://localhost/bizsoft_project/ContactUs.php
[Mon Mar 21 14:51:45.763923 2022] [php:error] [pid 5852:tid 1848] [client ::1:61098] PHP Parse error:  syntax error, unexpected token "}", expecting ";" in C:\\xampp\\htdocs\\bizsoft_project\\trialRequest.php on line 85, referer: http://localhost/bizsoft_project/ContactUs.php
[Mon Mar 21 14:51:45.953868 2022] [php:error] [pid 5852:tid 1848] [client ::1:61098] PHP Parse error:  syntax error, unexpected token "}", expecting ";" in C:\\xampp\\htdocs\\bizsoft_project\\trialRequest.php on line 85, referer: http://localhost/bizsoft_project/ContactUs.php
[Mon Mar 21 14:51:46.170485 2022] [php:error] [pid 5852:tid 1848] [client ::1:61098] PHP Parse error:  syntax error, unexpected token "}", expecting ";" in C:\\xampp\\htdocs\\bizsoft_project\\trialRequest.php on line 85, referer: http://localhost/bizsoft_project/ContactUs.php
[Mon Mar 21 14:51:46.353909 2022] [php:error] [pid 5852:tid 1848] [client ::1:61098] PHP Parse error:  syntax error, unexpected token "}", expecting ";" in C:\\xampp\\htdocs\\bizsoft_project\\trialRequest.php on line 85, referer: http://localhost/bizsoft_project/ContactUs.php
[Mon Mar 21 14:55:21.218680 2022] [core:error] [pid 5852:tid 1848] (20024)The given path is misformatted or contained invalid characters: [client ::1:52532] AH00127: Cannot map POST /bizsoft_project/trialRequest.php%20%20%20%20%3Cdiv%20class= HTTP/1.1 to file, referer: http://localhost/bizsoft_project/trialRequest.php
[Mon Mar 21 15:09:03.177207 2022] [core:error] [pid 5852:tid 1848] (20024)The given path is misformatted or contained invalid characters: [client ::1:52612] AH00127: Cannot map POST /bizsoft_project/trialRequest.php%20%20%20%20%3Cdiv%20class= HTTP/1.1 to file, referer: http://localhost/bizsoft_project/trialRequest.php
[Mon Mar 21 15:21:33.433964 2022] [php:error] [pid 5852:tid 1848] [client ::1:52744] script 'C:/xampp/htdocs/bizsoft_project/trialRequest.php' not found or unable to stat, referer: http://localhost/bizsoft_project/aboutUs.php
[Mon Mar 21 15:42:34.298304 2022] [php:error] [pid 5852:tid 1848] [client ::1:64635] script 'C:/xampp/htdocs/bizsoft_project/trialRequest.php' not found or unable to stat, referer: http://localhost/bizsoft_project/aboutUs.php
[Mon Mar 21 15:43:07.487028 2022] [php:error] [pid 5852:tid 1848] [client ::1:64646] script 'C:/xampp/htdocs/bizsoft_project/trialRequest.php' not found or unable to stat, referer: http://localhost/bizsoft_project/aboutUs.php
[Mon Mar 21 15:43:46.398307 2022] [ssl:warn] [pid 1920:tid 652] AH01909: www.example.com:443:0 server certificate does NOT include an ID which matches the server name
[Mon Mar 21 15:43:46.536070 2022] [core:warn] [pid 1920:tid 652] AH00098: pid file C:/xampp/apache/logs/httpd.pid overwritten -- Unclean shutdown of previous Apache run?
[Mon Mar 21 15:43:46.539061 2022] [ssl:warn] [pid 1920:tid 652] AH01909: www.example.com:443:0 server certificate does NOT include an ID which matches the server name
[Mon Mar 21 15:43:46.585116 2022] [mpm_winnt:notice] [pid 1920:tid 652] AH00455: Apache/2.4.52 (Win64) OpenSSL/1.1.1m PHP/8.0.17 configured -- resuming normal operations
[Mon Mar 21 15:43:46.585116 2022] [mpm_winnt:notice] [pid 1920:tid 652] AH00456: Apache Lounge VS16 Server built: Dec 17 2021 10:17:38
[Mon Mar 21 15:43:46.585116 2022] [core:notice] [pid 1920:tid 652] AH00094: Command line: 'c:\\xampp\\apache\\bin\\httpd.exe -d C:/xampp/apache'
[Mon Mar 21 15:43:46.819156 2022] [mpm_winnt:notice] [pid 1920:tid 652] AH00418: Parent: Created child process 8016
[Mon Mar 21 15:43:47.486691 2022] [ssl:warn] [pid 8016:tid 620] AH01909: www.example.com:443:0 server certificate does NOT include an ID which matches the server name
[Mon Mar 21 15:43:47.588634 2022] [ssl:warn] [pid 8016:tid 620] AH01909: www.example.com:443:0 server certificate does NOT include an ID which matches the server name
[Mon Mar 21 15:43:47.615560 2022] [mpm_winnt:notice] [pid 8016:tid 620] AH00354: Child: Starting 150 worker threads.
[Mon Mar 21 15:45:24.583925 2022] [php:error] [pid 8016:tid 1888] [client ::1:64673] script 'C:/xampp/htdocs/bizsoft_project/trialRequest.php' not found or unable to stat, referer: http://localhost/bizsoft_project/aboutUs.php
[Mon Mar 21 15:45:31.758141 2022] [php:error] [pid 8016:tid 1888] [client ::1:64675] script 'C:/xampp/htdocs/bizsoft_project/trialRequest.php' not found or unable to stat, referer: http://localhost/bizsoft_project/bizsoftcomparison.php
[Mon Mar 21 16:02:22.088114 2022] [php:error] [pid 8016:tid 1888] [client ::1:59275] script 'C:/xampp/htdocs/bizsoft_project/aboutUs.php' not found or unable to stat, referer: http://localhost/bizsoft_project/aboutUs.php
[Tue Mar 22 12:14:02.472065 2022] [core:error] [pid 8016:tid 1868] (20024)The given path is misformatted or contained invalid characters: [client ::1:65181] AH00127: Cannot map POST /bizsoft_project/trialRequest.php%20%20%20%20%3Cdiv%20class= HTTP/1.1 to file, referer: http://localhost/bizsoft_project/trialRequest.php
[Tue Mar 22 12:27:51.463702 2022] [core:error] [pid 8016:tid 1868] (20024)The given path is misformatted or contained invalid characters: [client ::1:58468] AH00127: Cannot map POST /bizsoft_project/trialRequest.php%20%20%20%20%3Cdiv%20class= HTTP/1.1 to file, referer: http://localhost/bizsoft_project/trialRequest.php
[Tue Mar 22 12:36:56.150468 2022] [core:error] [pid 8016:tid 1868] (20024)The given path is misformatted or contained invalid characters: [client ::1:58591] AH00127: Cannot map POST /bizsoft_project/trialRequest.php%20%20%20%20%3Cdiv%20class= HTTP/1.1 to file, referer: http://localhost/bizsoft_project/trialRequest.php
[Tue Mar 22 12:41:19.818457 2022] [core:error] [pid 8016:tid 1868] (20024)The given path is misformatted or contained invalid characters: [client ::1:58599] AH00127: Cannot map POST /bizsoft_project/trialRequest.php%20%20%20%20%3Cdiv%20class= HTTP/1.1 to file, referer: http://localhost/bizsoft_project/trialRequest.php
[Tue Mar 22 12:45:17.553236 2022] [core:error] [pid 8016:tid 1868] (20024)The given path is misformatted or contained invalid characters: [client ::1:58616] AH00127: Cannot map POST /bizsoft_project/trialRequest.php%20%20%20%20%3Cdiv%20class= HTTP/1.1 to file, referer: http://localhost/bizsoft_project/trialRequest.php
[Tue Mar 22 13:03:11.272230 2022] [core:error] [pid 8016:tid 1868] (20024)The given path is misformatted or contained invalid characters: [client ::1:55685] AH00127: Cannot map POST /bizsoft_project/trialRequest.php%20%20%20%20%3Cdiv%20class= HTTP/1.1 to file, referer: http://localhost/bizsoft_project/trialRequest.php
[Tue Mar 22 13:45:14.070599 2022] [php:warn] [pid 8016:tid 1856] [client ::1:51102] PHP Warning:  Undefined array key "f1" in C:\\xampp\\htdocs\\bizsoft_project\\page-trial-s.php on line 2, referer: http://localhost/bizsoft_project/trialRequest.php
[Tue Mar 22 13:45:14.070599 2022] [php:warn] [pid 8016:tid 1856] [client ::1:51102] PHP Warning:  Undefined array key "f2" in C:\\xampp\\htdocs\\bizsoft_project\\page-trial-s.php on line 3, referer: http://localhost/bizsoft_project/trialRequest.php
[Tue Mar 22 13:45:14.070599 2022] [php:warn] [pid 8016:tid 1856] [client ::1:51102] PHP Warning:  Undefined array key "f3" in C:\\xampp\\htdocs\\bizsoft_project\\page-trial-s.php on line 4, referer: http://localhost/bizsoft_project/trialRequest.php
[Tue Mar 22 13:45:14.070599 2022] [php:warn] [pid 8016:tid 1856] [client ::1:51102] PHP Warning:  Undefined array key "f4" in C:\\xampp\\htdocs\\bizsoft_project\\page-trial-s.php on line 5, referer: http://localhost/bizsoft_project/trialRequest.php
[Tue Mar 22 13:45:14.070599 2022] [php:warn] [pid 8016:tid 1856] [client ::1:51102] PHP Warning:  Undefined array key "f5" in C:\\xampp\\htdocs\\bizsoft_project\\page-trial-s.php on line 6, referer: http://localhost/bizsoft_project/trialRequest.php
[Tue Mar 22 13:45:14.071662 2022] [php:warn] [pid 8016:tid 1856] [client ::1:51102] PHP Warning:  Undefined array key "f6" in C:\\xampp\\htdocs\\bizsoft_project\\page-trial-s.php on line 7, referer: http://localhost/bizsoft_project/trialRequest.php
[Tue Mar 22 13:45:14.071662 2022] [php:warn] [pid 8016:tid 1856] [client ::1:51102] PHP Warning:  Undefined array key "f7" in C:\\xampp\\htdocs\\bizsoft_project\\page-trial-s.php on line 8, referer: http://localhost/bizsoft_project/trialRequest.php
[Tue Mar 22 13:45:16.689651 2022] [php:warn] [pid 8016:tid 1856] [client ::1:51102] PHP Warning:  mail(): Failed to connect to mailserver at &quot;localhost&quot; port 25, verify your &quot;SMTP&quot; and &quot;smtp_port&quot; setting in php.ini or use ini_set() in C:\\xampp\\htdocs\\bizsoft_project\\page-trial-s.php on line 27, referer: http://localhost/bizsoft_project/trialRequest.php
[Tue Mar 22 13:45:16.832426 2022] [php:error] [pid 8016:tid 1856] [client ::1:51102] script 'C:/xampp/htdocs/bizsoft_project/page-trial-done.php' not found or unable to stat, referer: http://localhost/bizsoft_project/trialRequest.php
[Tue Mar 22 13:45:19.590832 2022] [php:warn] [pid 8016:tid 1856] [client ::1:51102] PHP Warning:  Undefined array key "f1" in C:\\xampp\\htdocs\\bizsoft_project\\page-trial-s.php on line 2, referer: http://localhost/bizsoft_project/aboutUs.php
[Tue Mar 22 13:45:19.590832 2022] [php:warn] [pid 8016:tid 1856] [client ::1:51102] PHP Warning:  Undefined array key "f2" in C:\\xampp\\htdocs\\bizsoft_project\\page-trial-s.php on line 3, referer: http://localhost/bizsoft_project/aboutUs.php
[Tue Mar 22 13:45:19.590832 2022] [php:warn] [pid 8016:tid 1856] [client ::1:51102] PHP Warning:  Undefined array key "f3" in C:\\xampp\\htdocs\\bizsoft_project\\page-trial-s.php on line 4, referer: http://localhost/bizsoft_project/aboutUs.php
[Tue Mar 22 13:45:19.590832 2022] [php:warn] [pid 8016:tid 1856] [client ::1:51102] PHP Warning:  Undefined array key "f4" in C:\\xampp\\htdocs\\bizsoft_project\\page-trial-s.php on line 5, referer: http://localhost/bizsoft_project/aboutUs.php
[Tue Mar 22 13:45:19.591867 2022] [php:warn] [pid 8016:tid 1856] [client ::1:51102] PHP Warning:  Undefined array key "f5" in C:\\xampp\\htdocs\\bizsoft_project\\page-trial-s.php on line 6, referer: http://localhost/bizsoft_project/aboutUs.php
[Tue Mar 22 13:45:19.591867 2022] [php:warn] [pid 8016:tid 1856] [client ::1:51102] PHP Warning:  Undefined array key "f6" in C:\\xampp\\htdocs\\bizsoft_project\\page-trial-s.php on line 7, referer: http://localhost/bizsoft_project/aboutUs.php
[Tue Mar 22 13:45:19.591867 2022] [php:warn] [pid 8016:tid 1856] [client ::1:51102] PHP Warning:  Undefined array key "f7" in C:\\xampp\\htdocs\\bizsoft_project\\page-trial-s.php on line 8, referer: http://localhost/bizsoft_project/aboutUs.php
[Tue Mar 22 13:45:21.625014 2022] [php:warn] [pid 8016:tid 1856] [client ::1:51102] PHP Warning:  mail(): Failed to connect to mailserver at &quot;localhost&quot; port 25, verify your &quot;SMTP&quot; and &quot;smtp_port&quot; setting in php.ini or use ini_set() in C:\\xampp\\htdocs\\bizsoft_project\\page-trial-s.php on line 27, referer: http://localhost/bizsoft_project/aboutUs.php
[Tue Mar 22 13:45:21.753446 2022] [php:error] [pid 8016:tid 1856] [client ::1:51102] script 'C:/xampp/htdocs/bizsoft_project/page-trial-done.php' not found or unable to stat, referer: http://localhost/bizsoft_project/trialRequest.php
[Tue Mar 22 13:45:26.642593 2022] [php:warn] [pid 8016:tid 1856] [client ::1:51106] PHP Warning:  Undefined array key "f1" in C:\\xampp\\htdocs\\bizsoft_project\\page-trial-s.php on line 2, referer: http://localhost/bizsoft_project/aboutUs.php
[Tue Mar 22 13:45:26.642593 2022] [php:warn] [pid 8016:tid 1856] [client ::1:51106] PHP Warning:  Undefined array key "f2" in C:\\xampp\\htdocs\\bizsoft_project\\page-trial-s.php on line 3, referer: http://localhost/bizsoft_project/aboutUs.php
[Tue Mar 22 13:45:26.642593 2022] [php:warn] [pid 8016:tid 1856] [client ::1:51106] PHP Warning:  Undefined array key "f3" in C:\\xampp\\htdocs\\bizsoft_project\\page-trial-s.php on line 4, referer: http://localhost/bizsoft_project/aboutUs.php
[Tue Mar 22 13:45:26.643394 2022] [php:warn] [pid 8016:tid 1856] [client ::1:51106] PHP Warning:  Undefined array key "f4" in C:\\xampp\\htdocs\\bizsoft_project\\page-trial-s.php on line 5, referer: http://localhost/bizsoft_project/aboutUs.php
[Tue Mar 22 13:45:26.643394 2022] [php:warn] [pid 8016:tid 1856] [client ::1:51106] PHP Warning:  Undefined array key "f5" in C:\\xampp\\htdocs\\bizsoft_project\\page-trial-s.php on line 6, referer: http://localhost/bizsoft_project/aboutUs.php
[Tue Mar 22 13:45:26.643394 2022] [php:warn] [pid 8016:tid 1856] [client ::1:51106] PHP Warning:  Undefined array key "f6" in C:\\xampp\\htdocs\\bizsoft_project\\page-trial-s.php on line 7, referer: http://localhost/bizsoft_project/aboutUs.php
[Tue Mar 22 13:45:26.643394 2022] [php:warn] [pid 8016:tid 1856] [client ::1:51106] PHP Warning:  Undefined array key "f7" in C:\\xampp\\htdocs\\bizsoft_project\\page-trial-s.php on line 8, referer: http://localhost/bizsoft_project/aboutUs.php
[Tue Mar 22 13:45:28.667761 2022] [php:warn] [pid 8016:tid 1856] [client ::1:51106] PHP Warning:  mail(): Failed to connect to mailserver at &quot;localhost&quot; port 25, verify your &quot;SMTP&quot; and &quot;smtp_port&quot; setting in php.ini or use ini_set() in C:\\xampp\\htdocs\\bizsoft_project\\page-trial-s.php on line 27, referer: http://localhost/bizsoft_project/aboutUs.php
[Tue Mar 22 13:45:28.772475 2022] [php:error] [pid 8016:tid 1856] [client ::1:51106] script 'C:/xampp/htdocs/bizsoft_project/page-trial-done.php' not found or unable to stat, referer: http://localhost/bizsoft_project/trialRequest.php
[Tue Mar 22 13:45:38.550246 2022] [php:warn] [pid 8016:tid 1856] [client ::1:51108] PHP Warning:  Undefined array key "f1" in C:\\xampp\\htdocs\\bizsoft_project\\page-trial-s.php on line 2, referer: http://localhost/bizsoft_project/aboutUs.php
[Tue Mar 22 13:45:38.550246 2022] [php:warn] [pid 8016:tid 1856] [client ::1:51108] PHP Warning:  Undefined array key "f2" in C:\\xampp\\htdocs\\bizsoft_project\\page-trial-s.php on line 3, referer: http://localhost/bizsoft_project/aboutUs.php
[Tue Mar 22 13:45:38.551244 2022] [php:warn] [pid 8016:tid 1856] [client ::1:51108] PHP Warning:  Undefined array key "f3" in C:\\xampp\\htdocs\\bizsoft_project\\page-trial-s.php on line 4, referer: http://localhost/bizsoft_project/aboutUs.php
[Tue Mar 22 13:45:38.551244 2022] [php:warn] [pid 8016:tid 1856] [client ::1:51108] PHP Warning:  Undefined array key "f4" in C:\\xampp\\htdocs\\bizsoft_project\\page-trial-s.php on line 5, referer: http://localhost/bizsoft_project/aboutUs.php
[Tue Mar 22 13:45:38.551244 2022] [php:warn] [pid 8016:tid 1856] [client ::1:51108] PHP Warning:  Undefined array key "f5" in C:\\xampp\\htdocs\\bizsoft_project\\page-trial-s.php on line 6, referer: http://localhost/bizsoft_project/aboutUs.php
[Tue Mar 22 13:45:38.551244 2022] [php:warn] [pid 8016:tid 1856] [client ::1:51108] PHP Warning:  Undefined array key "f6" in C:\\xampp\\htdocs\\bizsoft_project\\page-trial-s.php on line 7, referer: http://localhost/bizsoft_project/aboutUs.php
[Tue Mar 22 13:45:38.551244 2022] [php:warn] [pid 8016:tid 1856] [client ::1:51108] PHP Warning:  Undefined array key "f7" in C:\\xampp\\htdocs\\bizsoft_project\\page-trial-s.php on line 8, referer: http://localhost/bizsoft_project/aboutUs.php
[Tue Mar 22 13:45:40.577539 2022] [php:warn] [pid 8016:tid 1856] [client ::1:51108] PHP Warning:  mail(): Failed to connect to mailserver at &quot;localhost&quot; port 25, verify your &quot;SMTP&quot; and &quot;smtp_port&quot; setting in php.ini or use ini_set() in C:\\xampp\\htdocs\\bizsoft_project\\page-trial-s.php on line 27, referer: http://localhost/bizsoft_project/aboutUs.php
[Tue Mar 22 13:45:40.744987 2022] [php:error] [pid 8016:tid 1856] [client ::1:51108] script 'C:/xampp/htdocs/bizsoft_project/page-trial-done.php' not found or unable to stat, referer: http://localhost/bizsoft_project/trialRequest.php
[Tue Mar 22 13:56:11.285131 2022] [php:warn] [pid 8016:tid 1856] [client ::1:51147] PHP Warning:  Undefined array key "f1" in C:\\xampp\\htdocs\\bizsoft_project\\trialRequest.php on line 71, referer: http://localhost/bizsoft_project/aboutUs.php
[Tue Mar 22 13:56:11.285131 2022] [php:warn] [pid 8016:tid 1856] [client ::1:51147] PHP Warning:  Undefined array key "f2" in C:\\xampp\\htdocs\\bizsoft_project\\trialRequest.php on line 72, referer: http://localhost/bizsoft_project/aboutUs.php
[Tue Mar 22 13:56:11.285131 2022] [php:warn] [pid 8016:tid 1856] [client ::1:51147] PHP Warning:  Undefined array key "f3" in C:\\xampp\\htdocs\\bizsoft_project\\trialRequest.php on line 73, referer: http://localhost/bizsoft_project/aboutUs.php
[Tue Mar 22 13:56:11.285131 2022] [php:warn] [pid 8016:tid 1856] [client ::1:51147] PHP Warning:  Undefined array key "f4" in C:\\xampp\\htdocs\\bizsoft_project\\trialRequest.php on line 74, referer: http://localhost/bizsoft_project/aboutUs.php
[Tue Mar 22 13:56:11.285131 2022] [php:warn] [pid 8016:tid 1856] [client ::1:51147] PHP Warning:  Undefined array key "f5" in C:\\xampp\\htdocs\\bizsoft_project\\trialRequest.php on line 75, referer: http://localhost/bizsoft_project/aboutUs.php
[Tue Mar 22 13:56:11.285131 2022] [php:warn] [pid 8016:tid 1856] [client ::1:51147] PHP Warning:  Undefined array key "f6" in C:\\xampp\\htdocs\\bizsoft_project\\trialRequest.php on line 76, referer: http://localhost/bizsoft_project/aboutUs.php
[Tue Mar 22 13:56:11.285131 2022] [php:warn] [pid 8016:tid 1856] [client ::1:51147] PHP Warning:  Undefined array key "f7" in C:\\xampp\\htdocs\\bizsoft_project\\trialRequest.php on line 77, referer: http://localhost/bizsoft_project/aboutUs.php
[Tue Mar 22 13:56:11.299672 2022] [php:warn] [pid 8016:tid 1856] [client ::1:51147] PHP Warning:  Undefined variable $name in C:\\xampp\\htdocs\\bizsoft_project\\trialRequest.php on line 79, referer: http://localhost/bizsoft_project/aboutUs.php
[Tue Mar 22 13:56:11.299672 2022] [php:warn] [pid 8016:tid 1856] [client ::1:51147] PHP Warning:  Undefined variable $org in C:\\xampp\\htdocs\\bizsoft_project\\trialRequest.php on line 80, referer: http://localhost/bizsoft_project/aboutUs.php
[Tue Mar 22 13:56:11.299672 2022] [php:warn] [pid 8016:tid 1856] [client ::1:51147] PHP Warning:  Undefined variable $size_org in C:\\xampp\\htdocs\\bizsoft_project\\trialRequest.php on line 81, referer: http://localhost/bizsoft_project/aboutUs.php
[Tue Mar 22 13:56:11.299672 2022] [php:warn] [pid 8016:tid 1856] [client ::1:51147] PHP Warning:  Undefined variable $position_org in C:\\xampp\\htdocs\\bizsoft_project\\trialRequest.php on line 82, referer: http://localhost/bizsoft_project/aboutUs.php
[Tue Mar 22 13:56:11.299672 2022] [php:warn] [pid 8016:tid 1856] [client ::1:51147] PHP Warning:  Undefined variable $core_needs in C:\\xampp\\htdocs\\bizsoft_project\\trialRequest.php on line 83, referer: http://localhost/bizsoft_project/aboutUs.php
[Tue Mar 22 13:56:11.299672 2022] [php:warn] [pid 8016:tid 1856] [client ::1:51147] PHP Warning:  Undefined variable $phone in C:\\xampp\\htdocs\\bizsoft_project\\trialRequest.php on line 84, referer: http://localhost/bizsoft_project/aboutUs.php
[Tue Mar 22 13:56:11.299672 2022] [php:warn] [pid 8016:tid 1856] [client ::1:51147] PHP Warning:  Undefined variable $email in C:\\xampp\\htdocs\\bizsoft_project\\trialRequest.php on line 85, referer: http://localhost/bizsoft_project/aboutUs.php
[Tue Mar 22 13:56:11.300668 2022] [php:warn] [pid 8016:tid 1856] [client ::1:51147] PHP Warning:  Undefined variable $name in C:\\xampp\\htdocs\\bizsoft_project\\trialRequest.php on line 90, referer: http://localhost/bizsoft_project/aboutUs.php
[Tue Mar 22 13:56:11.300668 2022] [php:warn] [pid 8016:tid 1856] [client ::1:51147] PHP Warning:  Undefined variable $email in C:\\xampp\\htdocs\\bizsoft_project\\trialRequest.php on line 90, referer: http://localhost/bizsoft_project/aboutUs.php
[Tue Mar 22 13:56:13.325900 2022] [php:warn] [pid 8016:tid 1856] [client ::1:51147] PHP Warning:  mail(): Failed to connect to mailserver at &quot;localhost&quot; port 25, verify your &quot;SMTP&quot; and &quot;smtp_port&quot; setting in php.ini or use ini_set() in C:\\xampp\\htdocs\\bizsoft_project\\trialRequest.php on line 96, referer: http://localhost/bizsoft_project/aboutUs.php
[Tue Mar 22 13:56:13.585207 2022] [php:error] [pid 8016:tid 1856] [client ::1:51147] script 'C:/xampp/htdocs/bizsoft_project/page-trial-done.php' not found or unable to stat, referer: http://localhost/bizsoft_project/trialRequest.php
[Tue Mar 22 13:56:27.642566 2022] [php:warn] [pid 8016:tid 1856] [client ::1:51151] PHP Warning:  Undefined array key "f1" in C:\\xampp\\htdocs\\bizsoft_project\\trialRequest.php on line 71, referer: http://localhost/bizsoft_project/bizsoftcomparison.php
[Tue Mar 22 13:56:27.643563 2022] [php:warn] [pid 8016:tid 1856] [client ::1:51151] PHP Warning:  Undefined array key "f2" in C:\\xampp\\htdocs\\bizsoft_project\\trialRequest.php on line 72, referer: http://localhost/bizsoft_project/bizsoftcomparison.php
[Tue Mar 22 13:56:27.643563 2022] [php:warn] [pid 8016:tid 1856] [client ::1:51151] PHP Warning:  Undefined array key "f3" in C:\\xampp\\htdocs\\bizsoft_project\\trialRequest.php on line 73, referer: http://localhost/bizsoft_project/bizsoftcomparison.php
[Tue Mar 22 13:56:27.643563 2022] [php:warn] [pid 8016:tid 1856] [client ::1:51151] PHP Warning:  Undefined array key "f4" in C:\\xampp\\htdocs\\bizsoft_project\\trialRequest.php on line 74, referer: http://localhost/bizsoft_project/bizsoftcomparison.php
[Tue Mar 22 13:56:27.643563 2022] [php:warn] [pid 8016:tid 1856] [client ::1:51151] PHP Warning:  Undefined array key "f5" in C:\\xampp\\htdocs\\bizsoft_project\\trialRequest.php on line 75, referer: http://localhost/bizsoft_project/bizsoftcomparison.php
[Tue Mar 22 13:56:27.643563 2022] [php:warn] [pid 8016:tid 1856] [client ::1:51151] PHP Warning:  Undefined array key "f6" in C:\\xampp\\htdocs\\bizsoft_project\\trialRequest.php on line 76, referer: http://localhost/bizsoft_project/bizsoftcomparison.php
[Tue Mar 22 13:56:27.643563 2022] [php:warn] [pid 8016:tid 1856] [client ::1:51151] PHP Warning:  Undefined array key "f7" in C:\\xampp\\htdocs\\bizsoft_project\\trialRequest.php on line 77, referer: http://localhost/bizsoft_project/bizsoftcomparison.php
[Tue Mar 22 13:56:27.644561 2022] [php:warn] [pid 8016:tid 1856] [client ::1:51151] PHP Warning:  Undefined variable $name in C:\\xampp\\htdocs\\bizsoft_project\\trialRequest.php on line 79, referer: http://localhost/bizsoft_project/bizsoftcomparison.php
[Tue Mar 22 13:56:27.644561 2022] [php:warn] [pid 8016:tid 1856] [client ::1:51151] PHP Warning:  Undefined variable $org in C:\\xampp\\htdocs\\bizsoft_project\\trialRequest.php on line 80, referer: http://localhost/bizsoft_project/bizsoftcomparison.php
[Tue Mar 22 13:56:27.644561 2022] [php:warn] [pid 8016:tid 1856] [client ::1:51151] PHP Warning:  Undefined variable $size_org in C:\\xampp\\htdocs\\bizsoft_project\\trialRequest.php on line 81, referer: http://localhost/bizsoft_project/bizsoftcomparison.php
[Tue Mar 22 13:56:27.644561 2022] [php:warn] [pid 8016:tid 1856] [client ::1:51151] PHP Warning:  Undefined variable $position_org in C:\\xampp\\htdocs\\bizsoft_project\\trialRequest.php on line 82, referer: http://localhost/bizsoft_project/bizsoftcomparison.php
[Tue Mar 22 13:56:27.644561 2022] [php:warn] [pid 8016:tid 1856] [client ::1:51151] PHP Warning:  Undefined variable $core_needs in C:\\xampp\\htdocs\\bizsoft_project\\trialRequest.php on line 83, referer: http://localhost/bizsoft_project/bizsoftcomparison.php
[Tue Mar 22 13:56:27.644561 2022] [php:warn] [pid 8016:tid 1856] [client ::1:51151] PHP Warning:  Undefined variable $phone in C:\\xampp\\htdocs\\bizsoft_project\\trialRequest.php on line 84, referer: http://localhost/bizsoft_project/bizsoftcomparison.php
[Tue Mar 22 13:56:27.644561 2022] [php:warn] [pid 8016:tid 1856] [client ::1:51151] PHP Warning:  Undefined variable $email in C:\\xampp\\htdocs\\bizsoft_project\\trialRequest.php on line 85, referer: http://localhost/bizsoft_project/bizsoftcomparison.php
[Tue Mar 22 13:56:27.645558 2022] [php:warn] [pid 8016:tid 1856] [client ::1:51151] PHP Warning:  Undefined variable $name in C:\\xampp\\htdocs\\bizsoft_project\\trialRequest.php on line 90, referer: http://localhost/bizsoft_project/bizsoftcomparison.php
[Tue Mar 22 13:56:27.645558 2022] [php:warn] [pid 8016:tid 1856] [client ::1:51151] PHP Warning:  Undefined variable $email in C:\\xampp\\htdocs\\bizsoft_project\\trialRequest.php on line 90, referer: http://localhost/bizsoft_project/bizsoftcomparison.php
[Tue Mar 22 13:56:28.674354 2022] [php:warn] [pid 8016:tid 1888] [client ::1:51153] PHP Warning:  Undefined array key "f1" in C:\\xampp\\htdocs\\bizsoft_project\\trialRequest.php on line 71, referer: http://localhost/bizsoft_project/bizsoftcomparison.php
[Tue Mar 22 13:56:28.675080 2022] [php:warn] [pid 8016:tid 1888] [client ::1:51153] PHP Warning:  Undefined array key "f2" in C:\\xampp\\htdocs\\bizsoft_project\\trialRequest.php on line 72, referer: http://localhost/bizsoft_project/bizsoftcomparison.php
[Tue Mar 22 13:56:28.675080 2022] [php:warn] [pid 8016:tid 1888] [client ::1:51153] PHP Warning:  Undefined array key "f3" in C:\\xampp\\htdocs\\bizsoft_project\\trialRequest.php on line 73, referer: http://localhost/bizsoft_project/bizsoftcomparison.php
[Tue Mar 22 13:56:28.675080 2022] [php:warn] [pid 8016:tid 1888] [client ::1:51153] PHP Warning:  Undefined array key "f4" in C:\\xampp\\htdocs\\bizsoft_project\\trialRequest.php on line 74, referer: http://localhost/bizsoft_project/bizsoftcomparison.php
[Tue Mar 22 13:56:28.675080 2022] [php:warn] [pid 8016:tid 1888] [client ::1:51153] PHP Warning:  Undefined array key "f5" in C:\\xampp\\htdocs\\bizsoft_project\\trialRequest.php on line 75, referer: http://localhost/bizsoft_project/bizsoftcomparison.php
[Tue Mar 22 13:56:28.675080 2022] [php:warn] [pid 8016:tid 1888] [client ::1:51153] PHP Warning:  Undefined array key "f6" in C:\\xampp\\htdocs\\bizsoft_project\\trialRequest.php on line 76, referer: http://localhost/bizsoft_project/bizsoftcomparison.php
[Tue Mar 22 13:56:28.675080 2022] [php:warn] [pid 8016:tid 1888] [client ::1:51153] PHP Warning:  Undefined array key "f7" in C:\\xampp\\htdocs\\bizsoft_project\\trialRequest.php on line 77, referer: http://localhost/bizsoft_project/bizsoftcomparison.php
[Tue Mar 22 13:56:28.675080 2022] [php:warn] [pid 8016:tid 1888] [client ::1:51153] PHP Warning:  Undefined variable $name in C:\\xampp\\htdocs\\bizsoft_project\\trialRequest.php on line 79, referer: http://localhost/bizsoft_project/bizsoftcomparison.php
[Tue Mar 22 13:56:28.675080 2022] [php:warn] [pid 8016:tid 1888] [client ::1:51153] PHP Warning:  Undefined variable $org in C:\\xampp\\htdocs\\bizsoft_project\\trialRequest.php on line 80, referer: http://localhost/bizsoft_project/bizsoftcomparison.php
[Tue Mar 22 13:56:28.676075 2022] [php:warn] [pid 8016:tid 1888] [client ::1:51153] PHP Warning:  Undefined variable $size_org in C:\\xampp\\htdocs\\bizsoft_project\\trialRequest.php on line 81, referer: http://localhost/bizsoft_project/bizsoftcomparison.php
[Tue Mar 22 13:56:28.676075 2022] [php:warn] [pid 8016:tid 1888] [client ::1:51153] PHP Warning:  Undefined variable $position_org in C:\\xampp\\htdocs\\bizsoft_project\\trialRequest.php on line 82, referer: http://localhost/bizsoft_project/bizsoftcomparison.php
[Tue Mar 22 13:56:28.676075 2022] [php:warn] [pid 8016:tid 1888] [client ::1:51153] PHP Warning:  Undefined variable $core_needs in C:\\xampp\\htdocs\\bizsoft_project\\trialRequest.php on line 83, referer: http://localhost/bizsoft_project/bizsoftcomparison.php
[Tue Mar 22 13:56:28.676075 2022] [php:warn] [pid 8016:tid 1888] [client ::1:51153] PHP Warning:  Undefined variable $phone in C:\\xampp\\htdocs\\bizsoft_project\\trialRequest.php on line 84, referer: http://localhost/bizsoft_project/bizsoftcomparison.php
[Tue Mar 22 13:56:28.676075 2022] [php:warn] [pid 8016:tid 1888] [client ::1:51153] PHP Warning:  Undefined variable $email in C:\\xampp\\htdocs\\bizsoft_project\\trialRequest.php on line 85, referer: http://localhost/bizsoft_project/bizsoftcomparison.php
[Tue Mar 22 13:56:28.676075 2022] [php:warn] [pid 8016:tid 1888] [client ::1:51153] PHP Warning:  Undefined variable $name in C:\\xampp\\htdocs\\bizsoft_project\\trialRequest.php on line 90, referer: http://localhost/bizsoft_project/bizsoftcomparison.php
[Tue Mar 22 13:56:28.676075 2022] [php:warn] [pid 8016:tid 1888] [client ::1:51153] PHP Warning:  Undefined variable $email in C:\\xampp\\htdocs\\bizsoft_project\\trialRequest.php on line 90, referer: http://localhost/bizsoft_project/bizsoftcomparison.php
[Tue Mar 22 13:56:29.669945 2022] [php:warn] [pid 8016:tid 1856] [client ::1:51151] PHP Warning:  mail(): Failed to connect to mailserver at &quot;localhost&quot; port 25, verify your &quot;SMTP&quot; and &quot;smtp_port&quot; setting in php.ini or use ini_set() in C:\\xampp\\htdocs\\bizsoft_project\\trialRequest.php on line 96, referer: http://localhost/bizsoft_project/bizsoftcomparison.php
[Tue Mar 22 13:56:30.732798 2022] [php:warn] [pid 8016:tid 1888] [client ::1:51153] PHP Warning:  mail(): Failed to connect to mailserver at &quot;localhost&quot; port 25, verify your &quot;SMTP&quot; and &quot;smtp_port&quot; setting in php.ini or use ini_set() in C:\\xampp\\htdocs\\bizsoft_project\\trialRequest.php on line 96, referer: http://localhost/bizsoft_project/bizsoftcomparison.php
[Tue Mar 22 13:56:30.821827 2022] [php:error] [pid 8016:tid 1888] [client ::1:51153] script 'C:/xampp/htdocs/bizsoft_project/page-trial-done.php' not found or unable to stat, referer: http://localhost/bizsoft_project/trialRequest.php
[Tue Mar 22 13:58:34.998773 2022] [php:warn] [pid 8016:tid 1888] [client ::1:51165] PHP Warning:  Undefined array key "lastname" in C:\\xampp\\htdocs\\bizsoft_project\\trialRequest.php on line 74, referer: http://localhost/bizsoft_project/trialRequest.php
[Tue Mar 22 13:58:34.998773 2022] [php:warn] [pid 8016:tid 1888] [client ::1:51165] PHP Warning:  Undefined array key "staffStrength" in C:\\xampp\\htdocs\\bizsoft_project\\trialRequest.php on line 78, referer: http://localhost/bizsoft_project/trialRequest.php
[Tue Mar 22 13:59:10.076026 2022] [php:warn] [pid 8016:tid 1888] [client ::1:51171] PHP Warning:  Undefined array key "lastname" in C:\\xampp\\htdocs\\bizsoft_project\\trialRequest.php on line 74, referer: http://localhost/bizsoft_project/trialRequest.php
[Tue Mar 22 13:59:10.077029 2022] [php:warn] [pid 8016:tid 1888] [client ::1:51171] PHP Warning:  Undefined array key "staffStrength" in C:\\xampp\\htdocs\\bizsoft_project\\trialRequest.php on line 78, referer: http://localhost/bizsoft_project/trialRequest.php
[Tue Mar 22 14:00:32.714581 2022] [php:warn] [pid 8016:tid 1888] [client ::1:50475] PHP Warning:  Undefined array key "staffStrength" in C:\\xampp\\htdocs\\bizsoft_project\\trialRequest.php on line 78, referer: http://localhost/bizsoft_project/trialRequest.php
[Tue Mar 22 14:02:13.519610 2022] [php:warn] [pid 8016:tid 1888] [client ::1:50487] PHP Warning:  Undefined array key "staffStrength" in C:\\xampp\\htdocs\\bizsoft_project\\trialRequest.php on line 78, referer: http://localhost/bizsoft_project/trialRequest.php
[Tue Mar 22 14:03:27.881422 2022] [php:warn] [pid 8016:tid 1888] [client ::1:50493] PHP Warning:  Undefined array key "staffStrength" in C:\\xampp\\htdocs\\bizsoft_project\\trialRequest.php on line 78, referer: http://localhost/bizsoft_project/trialRequest.php
[Tue Mar 22 14:04:02.841048 2022] [php:warn] [pid 8016:tid 1888] [client ::1:50498] PHP Warning:  Undefined array key "staffStrength" in C:\\xampp\\htdocs\\bizsoft_project\\trialRequest.php on line 78, referer: http://localhost/bizsoft_project/trialRequest.php
[Tue Mar 22 14:06:53.302210 2022] [php:warn] [pid 8016:tid 1888] [client ::1:50524] PHP Warning:  Undefined variable $email_from in C:\\xampp\\htdocs\\bizsoft_project\\trialRequest.php on line 144, referer: http://localhost/bizsoft_project/trialRequest.php
[Tue Mar 22 14:06:53.302210 2022] [php:warn] [pid 8016:tid 1888] [client ::1:50524] PHP Warning:  Undefined variable $visitor_email in C:\\xampp\\htdocs\\bizsoft_project\\trialRequest.php on line 146, referer: http://localhost/bizsoft_project/trialRequest.php
[Tue Mar 22 14:06:53.319167 2022] [php:warn] [pid 8016:tid 1888] [client ::1:50524] PHP Warning:  Undefined variable $email_subject in C:\\xampp\\htdocs\\bizsoft_project\\trialRequest.php on line 148, referer: http://localhost/bizsoft_project/trialRequest.php
[Tue Mar 22 14:06:53.319167 2022] [php:warn] [pid 8016:tid 1888] [client ::1:50524] PHP Warning:  Undefined variable $email_body in C:\\xampp\\htdocs\\bizsoft_project\\trialRequest.php on line 148, referer: http://localhost/bizsoft_project/trialRequest.php
[Tue Mar 22 14:06:55.354361 2022] [php:warn] [pid 8016:tid 1888] [client ::1:50524] PHP Warning:  mail(): Failed to connect to mailserver at &quot;localhost&quot; port 25, verify your &quot;SMTP&quot; and &quot;smtp_port&quot; setting in php.ini or use ini_set() in C:\\xampp\\htdocs\\bizsoft_project\\trialRequest.php on line 148, referer: http://localhost/bizsoft_project/trialRequest.php
[Tue Mar 22 14:06:58.511088 2022] [php:warn] [pid 8016:tid 1888] [client ::1:50524] PHP Warning:  Undefined variable $email_from in C:\\xampp\\htdocs\\bizsoft_project\\trialRequest.php on line 144, referer: http://localhost/bizsoft_project/aboutUs.php
[Tue Mar 22 14:06:58.511088 2022] [php:warn] [pid 8016:tid 1888] [client ::1:50524] PHP Warning:  Undefined variable $visitor_email in C:\\xampp\\htdocs\\bizsoft_project\\trialRequest.php on line 146, referer: http://localhost/bizsoft_project/aboutUs.php
[Tue Mar 22 14:06:58.511088 2022] [php:warn] [pid 8016:tid 1888] [client ::1:50524] PHP Warning:  Undefined variable $email_subject in C:\\xampp\\htdocs\\bizsoft_project\\trialRequest.php on line 148, referer: http://localhost/bizsoft_project/aboutUs.php
[Tue Mar 22 14:06:58.511088 2022] [php:warn] [pid 8016:tid 1888] [client ::1:50524] PHP Warning:  Undefined variable $email_body in C:\\xampp\\htdocs\\bizsoft_project\\trialRequest.php on line 148, referer: http://localhost/bizsoft_project/aboutUs.php
[Tue Mar 22 14:06:59.631167 2022] [php:warn] [pid 8016:tid 1856] [client ::1:50528] PHP Warning:  Undefined variable $email_from in C:\\xampp\\htdocs\\bizsoft_project\\trialRequest.php on line 144, referer: http://localhost/bizsoft_project/aboutUs.php
[Tue Mar 22 14:06:59.631167 2022] [php:warn] [pid 8016:tid 1856] [client ::1:50528] PHP Warning:  Undefined variable $visitor_email in C:\\xampp\\htdocs\\bizsoft_project\\trialRequest.php on line 146, referer: http://localhost/bizsoft_project/aboutUs.php
[Tue Mar 22 14:06:59.632164 2022] [php:warn] [pid 8016:tid 1856] [client ::1:50528] PHP Warning:  Undefined variable $email_subject in C:\\xampp\\htdocs\\bizsoft_project\\trialRequest.php on line 148, referer: http://localhost/bizsoft_project/aboutUs.php
[Tue Mar 22 14:06:59.632164 2022] [php:warn] [pid 8016:tid 1856] [client ::1:50528] PHP Warning:  Undefined variable $email_body in C:\\xampp\\htdocs\\bizsoft_project\\trialRequest.php on line 148, referer: http://localhost/bizsoft_project/aboutUs.php
[Tue Mar 22 14:07:00.532729 2022] [php:warn] [pid 8016:tid 1888] [client ::1:50524] PHP Warning:  mail(): Failed to connect to mailserver at &quot;localhost&quot; port 25, verify your &quot;SMTP&quot; and &quot;smtp_port&quot; setting in php.ini or use ini_set() in C:\\xampp\\htdocs\\bizsoft_project\\trialRequest.php on line 148, referer: http://localhost/bizsoft_project/aboutUs.php
[Tue Mar 22 14:07:01.672131 2022] [php:warn] [pid 8016:tid 1856] [client ::1:50528] PHP Warning:  mail(): Failed to connect to mailserver at &quot;localhost&quot; port 25, verify your &quot;SMTP&quot; and &quot;smtp_port&quot; setting in php.ini or use ini_set() in C:\\xampp\\htdocs\\bizsoft_project\\trialRequest.php on line 148, referer: http://localhost/bizsoft_project/aboutUs.php
[Tue Mar 22 14:08:24.585959 2022] [php:error] [pid 8016:tid 1856] [client ::1:50539] PHP Parse error:  syntax error, unexpected token "<", expecting end of file in C:\\xampp\\htdocs\\bizsoft_project\\trialRequest.php on line 163, referer: http://localhost/bizsoft_project/aboutUs.php
[Tue Mar 22 14:08:59.281808 2022] [php:warn] [pid 8016:tid 1856] [client ::1:50542] PHP Warning:  Undefined variable $email_subject in C:\\xampp\\htdocs\\bizsoft_project\\trialRequest.php on line 158, referer: http://localhost/bizsoft_project/aboutUs.php
[Tue Mar 22 14:08:59.281808 2022] [php:warn] [pid 8016:tid 1856] [client ::1:50542] PHP Warning:  Undefined variable $email_body in C:\\xampp\\htdocs\\bizsoft_project\\trialRequest.php on line 158, referer: http://localhost/bizsoft_project/aboutUs.php
[Tue Mar 22 14:09:01.303106 2022] [php:warn] [pid 8016:tid 1856] [client ::1:50542] PHP Warning:  mail(): Failed to connect to mailserver at &quot;localhost&quot; port 25, verify your &quot;SMTP&quot; and &quot;smtp_port&quot; setting in php.ini or use ini_set() in C:\\xampp\\htdocs\\bizsoft_project\\trialRequest.php on line 158, referer: http://localhost/bizsoft_project/aboutUs.php
[Tue Mar 22 14:11:47.087596 2022] [php:error] [pid 8016:tid 1856] [client ::1:50562] PHP Fatal error:  Uncaught ArgumentCountError: mail() expects at least 3 arguments, 1 given in C:\\xampp\\htdocs\\bizsoft_project\\trialRequest.php:156\nStack trace:\n#0 C:\\xampp\\htdocs\\bizsoft_project\\trialRequest.php(156): mail('oluwaseun.oguny...')\n#1 {main}\n  thrown in C:\\xampp\\htdocs\\bizsoft_project\\trialRequest.php on line 156, referer: http://localhost/bizsoft_project/aboutUs.php
[Tue Mar 22 16:18:01.692909 2022] [php:error] [pid 8016:tid 1888] [client ::1:55638] PHP Parse error:  syntax error, unexpected token "<", expecting end of file in C:\\xampp\\htdocs\\bizsoft_project\\trialRequest.php on line 183, referer: http://localhost/bizsoft_project/trialRequest.php
[Tue Mar 22 16:18:31.295919 2022] [php:error] [pid 8016:tid 1888] [client ::1:55640] PHP Parse error:  syntax error, unexpected token "<", expecting end of file in C:\\xampp\\htdocs\\bizsoft_project\\trialRequest.php on line 174, referer: http://localhost/bizsoft_project/trialRequest.php
[Tue Mar 22 16:20:11.187048 2022] [php:error] [pid 8016:tid 1888] [client ::1:55645] PHP Parse error:  syntax error, unexpected token "<", expecting end of file in C:\\xampp\\htdocs\\bizsoft_project\\trialRequest.php on line 174, referer: http://localhost/bizsoft_project/trialRequest.php
[Tue Mar 22 16:20:40.674121 2022] [php:error] [pid 8016:tid 1888] [client ::1:55647] PHP Parse error:  syntax error, unexpected token "<", expecting end of file in C:\\xampp\\htdocs\\bizsoft_project\\trialRequest.php on line 175, referer: http://localhost/bizsoft_project/trialRequest.php
[Tue Mar 22 16:21:02.085580 2022] [php:warn] [pid 8016:tid 1888] [client ::1:55649] PHP Warning:  mail(): Failed to connect to mailserver at &quot;localhost&quot; port 25, verify your &quot;SMTP&quot; and &quot;smtp_port&quot; setting in php.ini or use ini_set() in C:\\xampp\\htdocs\\bizsoft_project\\trialRequest.php on line 167, referer: http://localhost/bizsoft_project/trialRequest.php
[Tue Mar 22 16:23:54.045965 2022] [php:warn] [pid 8016:tid 1888] [client ::1:55665] PHP Warning:  mail(): Failed to connect to mailserver at &quot;localhost&quot; port 25, verify your &quot;SMTP&quot; and &quot;smtp_port&quot; setting in php.ini or use ini_set() in C:\\xampp\\htdocs\\bizsoft_project\\trialRequest.php on line 167, referer: http://localhost/bizsoft_project/trialRequest.php
[Tue Mar 22 16:24:06.300686 2022] [php:warn] [pid 8016:tid 1888] [client ::1:55667] PHP Warning:  mail(): Failed to connect to mailserver at &quot;localhost&quot; port 25, verify your &quot;SMTP&quot; and &quot;smtp_port&quot; setting in php.ini or use ini_set() in C:\\xampp\\htdocs\\bizsoft_project\\trialRequest.php on line 167, referer: http://localhost/bizsoft_project/trialRequest.php
[Tue Mar 22 16:24:13.069548 2022] [php:warn] [pid 8016:tid 1888] [client ::1:55667] PHP Warning:  mail(): Failed to connect to mailserver at &quot;localhost&quot; port 25, verify your &quot;SMTP&quot; and &quot;smtp_port&quot; setting in php.ini or use ini_set() in C:\\xampp\\htdocs\\bizsoft_project\\trialRequest.php on line 167, referer: http://localhost/bizsoft_project/trialRequest.php
[Tue Mar 22 16:24:19.490549 2022] [php:warn] [pid 8016:tid 1888] [client ::1:55667] PHP Warning:  mail(): Failed to connect to mailserver at &quot;localhost&quot; port 25, verify your &quot;SMTP&quot; and &quot;smtp_port&quot; setting in php.ini or use ini_set() in C:\\xampp\\htdocs\\bizsoft_project\\trialRequest.php on line 167, referer: http://localhost/bizsoft_project/aboutUs.php
[Tue Mar 22 16:27:57.079506 2022] [php:warn] [pid 8016:tid 1888] [client ::1:63801] PHP Warning:  mail(): Failed to connect to mailserver at &quot;localhost&quot; port 25, verify your &quot;SMTP&quot; and &quot;smtp_port&quot; setting in php.ini or use ini_set() in C:\\xampp\\htdocs\\bizsoft_project\\trialRequest.php on line 167, referer: http://localhost/bizsoft_project/aboutUs.php
[Tue Mar 22 16:28:11.196282 2022] [php:warn] [pid 8016:tid 1888] [client ::1:63803] PHP Warning:  mail(): Failed to connect to mailserver at &quot;localhost&quot; port 25, verify your &quot;SMTP&quot; and &quot;smtp_port&quot; setting in php.ini or use ini_set() in C:\\xampp\\htdocs\\bizsoft_project\\trialRequest.php on line 167, referer: http://localhost/bizsoft_project/trialRequest.php
[Tue Mar 22 16:32:36.029017 2022] [php:warn] [pid 8016:tid 1888] [client ::1:63819] PHP Warning:  mail(): Failed to connect to mailserver at &quot;localhost&quot; port 25, verify your &quot;SMTP&quot; and &quot;smtp_port&quot; setting in php.ini or use ini_set() in C:\\xampp\\htdocs\\bizsoft_project\\trialRequest.php on line 167, referer: http://localhost/bizsoft_project/trialRequest.php
[Tue Mar 22 16:33:14.981169 2022] [php:warn] [pid 8016:tid 1888] [client ::1:63821] PHP Warning:  mail(): Failed to connect to mailserver at &quot;localhost&quot; port 25, verify your &quot;SMTP&quot; and &quot;smtp_port&quot; setting in php.ini or use ini_set() in C:\\xampp\\htdocs\\bizsoft_project\\trialRequest.php on line 167, referer: http://localhost/bizsoft_project/trialRequest.php
[Tue Mar 22 16:33:18.890879 2022] [php:warn] [pid 8016:tid 1888] [client ::1:63821] PHP Warning:  mail(): Failed to connect to mailserver at &quot;localhost&quot; port 25, verify your &quot;SMTP&quot; and &quot;smtp_port&quot; setting in php.ini or use ini_set() in C:\\xampp\\htdocs\\bizsoft_project\\trialRequest.php on line 167, referer: http://localhost/bizsoft_project/aboutUs.php
[Tue Mar 22 16:33:24.110389 2022] [php:warn] [pid 8016:tid 1888] [client ::1:63821] PHP Warning:  mail(): Failed to connect to mailserver at &quot;localhost&quot; port 25, verify your &quot;SMTP&quot; and &quot;smtp_port&quot; setting in php.ini or use ini_set() in C:\\xampp\\htdocs\\bizsoft_project\\trialRequest.php on line 167, referer: http://localhost/bizsoft_project/aboutUs.php
[Tue Mar 22 16:33:45.785023 2022] [php:warn] [pid 8016:tid 1888] [client ::1:63826] PHP Warning:  mail(): Failed to connect to mailserver at &quot;localhost&quot; port 25, verify your &quot;SMTP&quot; and &quot;smtp_port&quot; setting in php.ini or use ini_set() in C:\\xampp\\htdocs\\bizsoft_project\\trialRequest.php on line 167, referer: http://localhost/bizsoft_project/trialRequest.php
[Tue Mar 22 16:35:06.751209 2022] [php:warn] [pid 8016:tid 1888] [client ::1:63829] PHP Warning:  Undefined variable $comment in C:\\xampp\\htdocs\\bizsoft_project\\trialRequest.php on line 167, referer: http://localhost/bizsoft_project/trialRequest.php
[Tue Mar 22 16:35:08.807002 2022] [php:warn] [pid 8016:tid 1888] [client ::1:63829] PHP Warning:  mail(): Failed to connect to mailserver at &quot;localhost&quot; port 25, verify your &quot;SMTP&quot; and &quot;smtp_port&quot; setting in php.ini or use ini_set() in C:\\xampp\\htdocs\\bizsoft_project\\trialRequest.php on line 167, referer: http://localhost/bizsoft_project/trialRequest.php
[Tue Mar 22 16:37:07.589243 2022] [php:warn] [pid 8016:tid 1888] [client ::1:63850] PHP Warning:  mail(): Failed to connect to mailserver at &quot;localhost&quot; port 25, verify your &quot;SMTP&quot; and &quot;smtp_port&quot; setting in php.ini or use ini_set() in C:\\xampp\\htdocs\\bizsoft_project\\trialRequest.php on line 167, referer: http://localhost/bizsoft_project/trialRequest.php
[Wed Mar 23 09:45:35.645009 2022] [ssl:warn] [pid 21208:tid 672] AH01909: www.example.com:443:0 server certificate does NOT include an ID which matches the server name
[Wed Mar 23 09:45:35.770945 2022] [core:warn] [pid 21208:tid 672] AH00098: pid file C:/xampp/apache/logs/httpd.pid overwritten -- Unclean shutdown of previous Apache run?
[Wed Mar 23 09:45:35.770945 2022] [ssl:warn] [pid 21208:tid 672] AH01909: www.example.com:443:0 server certificate does NOT include an ID which matches the server name
[Wed Mar 23 09:45:36.864903 2022] [mpm_winnt:notice] [pid 21208:tid 672] AH00455: Apache/2.4.52 (Win64) OpenSSL/1.1.1m PHP/8.0.17 configured -- resuming normal operations
[Wed Mar 23 09:45:36.864903 2022] [mpm_winnt:notice] [pid 21208:tid 672] AH00456: Apache Lounge VS16 Server built: Dec 17 2021 10:17:38
[Wed Mar 23 09:45:36.864903 2022] [core:notice] [pid 21208:tid 672] AH00094: Command line: 'c:\\xampp\\apache\\bin\\httpd.exe -d C:/xampp/apache'
[Wed Mar 23 09:45:36.880947 2022] [mpm_winnt:notice] [pid 21208:tid 672] AH00418: Parent: Created child process 11444
[Wed Mar 23 09:45:37.428424 2022] [ssl:warn] [pid 11444:tid 600] AH01909: www.example.com:443:0 server certificate does NOT include an ID which matches the server name
[Wed Mar 23 09:45:37.509288 2022] [ssl:warn] [pid 11444:tid 600] AH01909: www.example.com:443:0 server certificate does NOT include an ID which matches the server name
[Wed Mar 23 09:45:37.534145 2022] [mpm_winnt:notice] [pid 11444:tid 600] AH00354: Child: Starting 150 worker threads.
[Wed Mar 23 10:09:18.270303 2022] [ssl:warn] [pid 24228:tid 644] AH01909: www.example.com:443:0 server certificate does NOT include an ID which matches the server name
[Wed Mar 23 10:09:18.391620 2022] [core:warn] [pid 24228:tid 644] AH00098: pid file C:/xampp/apache/logs/httpd.pid overwritten -- Unclean shutdown of previous Apache run?
[Wed Mar 23 10:09:18.395610 2022] [ssl:warn] [pid 24228:tid 644] AH01909: www.example.com:443:0 server certificate does NOT include an ID which matches the server name
[Wed Mar 23 10:09:18.478402 2022] [mpm_winnt:notice] [pid 24228:tid 644] AH00455: Apache/2.4.52 (Win64) OpenSSL/1.1.1m PHP/8.0.17 configured -- resuming normal operations
[Wed Mar 23 10:09:18.478402 2022] [mpm_winnt:notice] [pid 24228:tid 644] AH00456: Apache Lounge VS16 Server built: Dec 17 2021 10:17:38
[Wed Mar 23 10:09:18.478402 2022] [core:notice] [pid 24228:tid 644] AH00094: Command line: 'c:\\xampp\\apache\\bin\\httpd.exe -d C:/xampp/apache'
[Wed Mar 23 10:09:18.483616 2022] [mpm_winnt:notice] [pid 24228:tid 644] AH00418: Parent: Created child process 21956
[Wed Mar 23 10:09:19.080358 2022] [ssl:warn] [pid 21956:tid 640] AH01909: www.example.com:443:0 server certificate does NOT include an ID which matches the server name
[Wed Mar 23 10:09:19.148991 2022] [ssl:warn] [pid 21956:tid 640] AH01909: www.example.com:443:0 server certificate does NOT include an ID which matches the server name
[Wed Mar 23 10:09:19.172135 2022] [mpm_winnt:notice] [pid 21956:tid 640] AH00354: Child: Starting 150 worker threads.
[Wed Mar 23 12:44:28.935044 2022] [php:error] [pid 21956:tid 1868] [client ::1:52251] script 'C:/xampp/htdocs/bizsoft_project/trialRequest.php' not found or unable to stat, referer: http://localhost/bizsoft_project/bizsoftcomparison.php
[Wed Mar 23 13:17:42.097210 2022] [php:error] [pid 21956:tid 1888] [client ::1:51049] script 'C:/xampp/htdocs/bizsoft_project/ContactUsSent.php' not found or unable to stat, referer: http://localhost/bizsoft_project/ContactUs.php
[Wed Mar 23 13:21:18.538553 2022] [php:error] [pid 21956:tid 1888] [client ::1:51062] script 'C:/xampp/htdocs/bizsoft_project/ContactUsSent.php' not found or unable to stat, referer: http://localhost/bizsoft_project/ContactUs.php
[Wed Mar 23 13:42:16.426189 2022] [php:error] [pid 21956:tid 1888] [client ::1:55373] script 'C:/xampp/htdocs/bizsoft_project/trialRequest.php' not found or unable to stat, referer: http://localhost/bizsoft_project/aboutUs.php
[Thu Mar 24 12:17:35.799874 2022] [php:warn] [pid 21956:tid 1864] [client ::1:62324] PHP Warning:  Undefined variable $body in C:\\xampp\\htdocs\\bizsoft_project\\trialRequest.php on line 101, referer: http://localhost/bizsoft_project/ContactUs.php
[Thu Mar 24 12:26:03.692416 2022] [ssl:warn] [pid 15476:tid 644] AH01909: www.example.com:443:0 server certificate does NOT include an ID which matches the server name
[Thu Mar 24 12:26:03.875487 2022] [core:warn] [pid 15476:tid 644] AH00098: pid file C:/xampp/apache/logs/httpd.pid overwritten -- Unclean shutdown of previous Apache run?
[Thu Mar 24 12:26:03.879124 2022] [ssl:warn] [pid 15476:tid 644] AH01909: www.example.com:443:0 server certificate does NOT include an ID which matches the server name
[Thu Mar 24 12:26:04.023387 2022] [mpm_winnt:notice] [pid 15476:tid 644] AH00455: Apache/2.4.52 (Win64) OpenSSL/1.1.1m PHP/8.0.17 configured -- resuming normal operations
[Thu Mar 24 12:26:04.023387 2022] [mpm_winnt:notice] [pid 15476:tid 644] AH00456: Apache Lounge VS16 Server built: Dec 17 2021 10:17:38
[Thu Mar 24 12:26:04.023387 2022] [core:notice] [pid 15476:tid 644] AH00094: Command line: 'c:\\xampp\\apache\\bin\\httpd.exe -d C:/xampp/apache'
[Thu Mar 24 12:26:04.028954 2022] [mpm_winnt:notice] [pid 15476:tid 644] AH00418: Parent: Created child process 13264
[Thu Mar 24 12:26:04.593421 2022] [ssl:warn] [pid 13264:tid 640] AH01909: www.example.com:443:0 server certificate does NOT include an ID which matches the server name
[Thu Mar 24 12:26:04.659426 2022] [ssl:warn] [pid 13264:tid 640] AH01909: www.example.com:443:0 server certificate does NOT include an ID which matches the server name
[Thu Mar 24 12:26:04.682104 2022] [mpm_winnt:notice] [pid 13264:tid 640] AH00354: Child: Starting 150 worker threads.
[Thu Mar 24 12:50:26.976866 2022] [php:warn] [pid 13264:tid 1912] [client ::1:61664] PHP Warning:  Undefined variable $body in C:\\xampp\\htdocs\\bizsoft_project\\trialRequest.php on line 101, referer: http://localhost/bizsoft_project/cloudsense.php
[Thu Mar 24 12:51:09.826655 2022] [php:warn] [pid 13264:tid 1912] [client ::1:61674] PHP Warning:  Undefined variable $body in C:\\xampp\\htdocs\\bizsoft_project\\trialRequest.php on line 101, referer: http://localhost/bizsoft_project/cloudsense.php
[Thu Mar 24 12:51:14.945385 2022] [php:warn] [pid 13264:tid 1912] [client ::1:61674] PHP Warning:  Undefined variable $body in C:\\xampp\\htdocs\\bizsoft_project\\trialRequest.php on line 101, referer: http://localhost/bizsoft_project/cloudsense.php
[Thu Mar 24 12:51:15.501456 2022] [php:warn] [pid 13264:tid 1912] [client ::1:61674] PHP Warning:  Undefined variable $body in C:\\xampp\\htdocs\\bizsoft_project\\trialRequest.php on line 101, referer: http://localhost/bizsoft_project/cloudsense.php
[Thu Mar 24 12:51:22.127443 2022] [php:warn] [pid 13264:tid 1912] [client ::1:61674] PHP Warning:  Undefined variable $body in C:\\xampp\\htdocs\\bizsoft_project\\trialRequest.php on line 101, referer: http://localhost/bizsoft_project/aboutUs.php
[Thu Mar 24 12:51:57.201036 2022] [php:warn] [pid 13264:tid 1932] [client ::1:61688] PHP Warning:  Undefined variable $body in C:\\xampp\\htdocs\\bizsoft_project\\trialRequest.php on line 101, referer: http://localhost/bizsoft_project/index.php
[Thu Mar 24 12:53:12.059446 2022] [ssl:warn] [pid 11616:tid 408] AH01909: www.example.com:443:0 server certificate does NOT include an ID which matches the server name
[Thu Mar 24 12:53:12.132843 2022] [core:warn] [pid 11616:tid 408] AH00098: pid file C:/xampp/apache/logs/httpd.pid overwritten -- Unclean shutdown of previous Apache run?
[Thu Mar 24 12:53:12.136688 2022] [ssl:warn] [pid 11616:tid 408] AH01909: www.example.com:443:0 server certificate does NOT include an ID which matches the server name
[Thu Mar 24 12:53:12.162619 2022] [mpm_winnt:notice] [pid 11616:tid 408] AH00455: Apache/2.4.52 (Win64) OpenSSL/1.1.1m PHP/8.0.17 configured -- resuming normal operations
[Thu Mar 24 12:53:12.162619 2022] [mpm_winnt:notice] [pid 11616:tid 408] AH00456: Apache Lounge VS16 Server built: Dec 17 2021 10:17:38
[Thu Mar 24 12:53:12.162619 2022] [core:notice] [pid 11616:tid 408] AH00094: Command line: 'c:\\xampp\\apache\\bin\\httpd.exe -d C:/xampp/apache'
[Thu Mar 24 12:53:12.168604 2022] [mpm_winnt:notice] [pid 11616:tid 408] AH00418: Parent: Created child process 22940
[Thu Mar 24 12:53:12.784735 2022] [ssl:warn] [pid 22940:tid 652] AH01909: www.example.com:443:0 server certificate does NOT include an ID which matches the server name
[Thu Mar 24 12:53:12.852787 2022] [ssl:warn] [pid 22940:tid 652] AH01909: www.example.com:443:0 server certificate does NOT include an ID which matches the server name
[Thu Mar 24 12:53:12.878679 2022] [mpm_winnt:notice] [pid 22940:tid 652] AH00354: Child: Starting 150 worker threads.
[Thu Mar 24 12:53:15.611640 2022] [php:warn] [pid 22940:tid 1884] [client ::1:61699] PHP Warning:  Undefined variable $body in C:\\xampp\\htdocs\\bizsoft_project\\trialRequest.php on line 101, referer: http://localhost/bizsoft_project/index.php
[Thu Mar 24 12:53:19.190879 2022] [php:warn] [pid 22940:tid 1884] [client ::1:61699] PHP Warning:  Undefined variable $body in C:\\xampp\\htdocs\\bizsoft_project\\trialRequest.php on line 101, referer: http://localhost/bizsoft_project/index.php
[Thu Mar 24 14:28:11.949821 2022] [php:warn] [pid 22940:tid 1884] [client ::1:64454] PHP Warning:  Undefined variable $body in C:\\xampp\\htdocs\\bizsoft_project\\trialRequest.php on line 101, referer: http://localhost/bizsoft_project/aboutUs.php
[Thu Mar 24 14:29:08.907285 2022] [php:warn] [pid 22940:tid 1884] [client ::1:65036] PHP Warning:  Undefined variable $body in C:\\xampp\\htdocs\\bizsoft_project\\trialRequest.php on line 101, referer: http://localhost/bizsoft_project/aboutUs.php
[Thu Mar 24 14:30:00.409586 2022] [php:warn] [pid 22940:tid 1884] [client ::1:65041] PHP Warning:  Undefined variable $body in C:\\xampp\\htdocs\\bizsoft_project\\trialRequest.php on line 101
[Thu Mar 24 14:31:38.062948 2022] [php:warn] [pid 22940:tid 1856] [client ::1:65063] PHP Warning:  Undefined variable $body in C:\\xampp\\htdocs\\bizsoft_project\\trialRequest.php on line 100, referer: http://localhost/bizsoft_project/aboutUs.php
[Thu Mar 24 14:33:15.561020 2022] [php:warn] [pid 22940:tid 1856] [client ::1:65068] PHP Warning:  Undefined variable $body in C:\\xampp\\htdocs\\bizsoft_project\\trialRequest.php on line 100, referer: http://localhost/bizsoft_project/aboutUs.php
[Thu Mar 24 14:33:44.517474 2022] [php:warn] [pid 22940:tid 1868] [client ::1:65071] PHP Warning:  Undefined variable $body in C:\\xampp\\htdocs\\bizsoft_project\\trialRequest.php on line 100
[Thu Mar 24 15:26:53.848342 2022] [php:error] [pid 22940:tid 1880] [client ::1:64109] script 'C:/xampp/htdocs/bizsoft_project/ContactUsSent.php' not found or unable to stat, referer: http://localhost/bizsoft_project/ContactUs.php
[Thu Mar 24 15:29:21.128549 2022] [php:error] [pid 22940:tid 1880] [client ::1:55128] script 'C:/xampp/htdocs/bizsoft_project/ContactUsSent.php' not found or unable to stat, referer: http://localhost/bizsoft_project/ContactUs.php
[Thu Mar 24 15:32:35.929694 2022] [php:error] [pid 22940:tid 1880] [client ::1:55143] script 'C:/xampp/htdocs/bizsoft_project/ContactUsSent.php' not found or unable to stat, referer: http://localhost/bizsoft_project/ContactUs.php
[Thu Mar 24 15:35:27.476406 2022] [php:error] [pid 22940:tid 1880] [client ::1:55196] script 'C:/xampp/htdocs/bizsoft_project/ContactUsSent.php' not found or unable to stat, referer: http://localhost/bizsoft_project/ContactUs.php
[Thu Mar 24 15:35:49.619696 2022] [php:error] [pid 22940:tid 1880] [client ::1:55198] script 'C:/xampp/htdocs/sendmail.php' not found or unable to stat, referer: http://localhost/dashboard/docs/send-mail.html
[Thu Mar 24 15:40:31.665893 2022] [ssl:warn] [pid 6328:tid 620] AH01909: www.example.com:443:0 server certificate does NOT include an ID which matches the server name
[Thu Mar 24 15:40:31.788002 2022] [core:warn] [pid 6328:tid 620] AH00098: pid file C:/xampp/apache/logs/httpd.pid overwritten -- Unclean shutdown of previous Apache run?
[Thu Mar 24 15:40:31.791989 2022] [ssl:warn] [pid 6328:tid 620] AH01909: www.example.com:443:0 server certificate does NOT include an ID which matches the server name
[Thu Mar 24 15:40:31.813619 2022] [mpm_winnt:notice] [pid 6328:tid 620] AH00455: Apache/2.4.52 (Win64) OpenSSL/1.1.1m PHP/8.0.17 configured -- resuming normal operations
[Thu Mar 24 15:40:31.813619 2022] [mpm_winnt:notice] [pid 6328:tid 620] AH00456: Apache Lounge VS16 Server built: Dec 17 2021 10:17:38
[Thu Mar 24 15:40:31.813619 2022] [core:notice] [pid 6328:tid 620] AH00094: Command line: 'c:\\xampp\\apache\\bin\\httpd.exe -d C:/xampp/apache'
[Thu Mar 24 15:40:31.813619 2022] [mpm_winnt:notice] [pid 6328:tid 620] AH00418: Parent: Created child process 16708
[Thu Mar 24 15:40:32.386853 2022] [ssl:warn] [pid 16708:tid 620] AH01909: www.example.com:443:0 server certificate does NOT include an ID which matches the server name
[Thu Mar 24 15:40:32.479915 2022] [ssl:warn] [pid 16708:tid 620] AH01909: www.example.com:443:0 server certificate does NOT include an ID which matches the server name
[Thu Mar 24 15:40:32.520473 2022] [mpm_winnt:notice] [pid 16708:tid 620] AH00354: Child: Starting 150 worker threads.
[Thu Mar 24 15:40:33.755065 2022] [php:error] [pid 16708:tid 1900] [client ::1:55222] script 'C:/xampp/htdocs/sendmail.php' not found or unable to stat, referer: http://localhost/dashboard/docs/send-mail.html
[Thu Mar 24 15:40:34.447118 2022] [php:error] [pid 16708:tid 1900] [client ::1:55222] script 'C:/xampp/htdocs/sendmail.php' not found or unable to stat, referer: http://localhost/dashboard/docs/send-mail.html
[Thu Mar 24 15:40:34.629282 2022] [php:error] [pid 16708:tid 1900] [client ::1:55222] script 'C:/xampp/htdocs/sendmail.php' not found or unable to stat, referer: http://localhost/dashboard/docs/send-mail.html
[Thu Mar 24 15:40:34.779832 2022] [php:error] [pid 16708:tid 1900] [client ::1:55222] script 'C:/xampp/htdocs/sendmail.php' not found or unable to stat, referer: http://localhost/dashboard/docs/send-mail.html
[Thu Mar 24 15:40:34.932008 2022] [php:error] [pid 16708:tid 1900] [client ::1:55222] script 'C:/xampp/htdocs/sendmail.php' not found or unable to stat, referer: http://localhost/dashboard/docs/send-mail.html
[Thu Mar 24 15:42:19.780431 2022] [ssl:warn] [pid 26400:tid 600] AH01909: www.example.com:443:0 server certificate does NOT include an ID which matches the server name
[Thu Mar 24 15:42:19.906191 2022] [core:warn] [pid 26400:tid 600] AH00098: pid file C:/xampp/apache/logs/httpd.pid overwritten -- Unclean shutdown of previous Apache run?
[Thu Mar 24 15:42:19.909183 2022] [ssl:warn] [pid 26400:tid 600] AH01909: www.example.com:443:0 server certificate does NOT include an ID which matches the server name
[Thu Mar 24 15:42:19.928136 2022] [mpm_winnt:notice] [pid 26400:tid 600] AH00455: Apache/2.4.52 (Win64) OpenSSL/1.1.1m PHP/8.0.17 configured -- resuming normal operations
[Thu Mar 24 15:42:19.928136 2022] [mpm_winnt:notice] [pid 26400:tid 600] AH00456: Apache Lounge VS16 Server built: Dec 17 2021 10:17:38
[Thu Mar 24 15:42:19.928136 2022] [core:notice] [pid 26400:tid 600] AH00094: Command line: 'c:\\xampp\\apache\\bin\\httpd.exe -d C:/xampp/apache'
[Thu Mar 24 15:42:19.968000 2022] [mpm_winnt:notice] [pid 26400:tid 600] AH00418: Parent: Created child process 23004
[Thu Mar 24 15:42:20.414187 2022] [ssl:warn] [pid 23004:tid 644] AH01909: www.example.com:443:0 server certificate does NOT include an ID which matches the server name
[Thu Mar 24 15:42:20.508672 2022] [ssl:warn] [pid 23004:tid 644] AH01909: www.example.com:443:0 server certificate does NOT include an ID which matches the server name
[Thu Mar 24 15:42:20.539920 2022] [mpm_winnt:notice] [pid 23004:tid 644] AH00354: Child: Starting 150 worker threads.
[Thu Mar 24 15:42:43.777625 2022] [ssl:warn] [pid 26152:tid 688] AH01909: www.example.com:443:0 server certificate does NOT include an ID which matches the server name
[Thu Mar 24 15:42:43.832072 2022] [core:warn] [pid 26152:tid 688] AH00098: pid file C:/xampp/apache/logs/httpd.pid overwritten -- Unclean shutdown of previous Apache run?
[Thu Mar 24 15:42:43.847615 2022] [ssl:warn] [pid 26152:tid 688] AH01909: www.example.com:443:0 server certificate does NOT include an ID which matches the server name
[Thu Mar 24 15:42:43.878366 2022] [mpm_winnt:notice] [pid 26152:tid 688] AH00455: Apache/2.4.52 (Win64) OpenSSL/1.1.1m PHP/8.0.17 configured -- resuming normal operations
[Thu Mar 24 15:42:43.878366 2022] [mpm_winnt:notice] [pid 26152:tid 688] AH00456: Apache Lounge VS16 Server built: Dec 17 2021 10:17:38
[Thu Mar 24 15:42:43.878366 2022] [core:notice] [pid 26152:tid 688] AH00094: Command line: 'C:\\xampp\\apache\\bin\\httpd.exe -d C:/xampp/apache'
[Thu Mar 24 15:42:43.884874 2022] [mpm_winnt:notice] [pid 26152:tid 688] AH00418: Parent: Created child process 11864
[Thu Mar 24 15:42:44.185547 2022] [ssl:warn] [pid 11864:tid 604] AH01909: www.example.com:443:0 server certificate does NOT include an ID which matches the server name
[Thu Mar 24 15:42:44.239927 2022] [ssl:warn] [pid 11864:tid 604] AH01909: www.example.com:443:0 server certificate does NOT include an ID which matches the server name
[Thu Mar 24 15:42:44.255587 2022] [mpm_winnt:notice] [pid 11864:tid 604] AH00354: Child: Starting 150 worker threads.
[Thu Mar 24 15:42:57.344876 2022] [php:error] [pid 11864:tid 1856] [client ::1:55244] script 'C:/xampp/htdocs/sendmail.php' not found or unable to stat, referer: http://localhost/dashboard/docs/send-mail.html
[Thu Mar 24 15:43:00.074870 2022] [php:error] [pid 11864:tid 1856] [client ::1:55244] script 'C:/xampp/htdocs/sendmail.php' not found or unable to stat, referer: http://localhost/dashboard/docs/send-mail.html
[Thu Mar 24 15:43:00.478109 2022] [php:error] [pid 11864:tid 1856] [client ::1:55244] script 'C:/xampp/htdocs/sendmail.php' not found or unable to stat, referer: http://localhost/dashboard/docs/send-mail.html
[Thu Mar 24 15:43:00.635646 2022] [php:error] [pid 11864:tid 1856] [client ::1:55244] script 'C:/xampp/htdocs/sendmail.php' not found or unable to stat, referer: http://localhost/dashboard/docs/send-mail.html
[Thu Mar 24 15:43:00.789942 2022] [php:error] [pid 11864:tid 1856] [client ::1:55244] script 'C:/xampp/htdocs/sendmail.php' not found or unable to stat, referer: http://localhost/dashboard/docs/send-mail.html
[Thu Mar 24 15:46:15.799862 2022] [php:error] [pid 11864:tid 1848] [client ::1:55308] script 'C:/xampp/htdocs/sendmail.php' not found or unable to stat, referer: http://localhost/dashboard/docs/send-mail.html
[Thu Mar 24 15:46:16.073792 2022] [php:error] [pid 11864:tid 1848] [client ::1:55308] script 'C:/xampp/htdocs/sendmail.php' not found or unable to stat, referer: http://localhost/dashboard/docs/send-mail.html
[Thu Mar 24 15:46:16.306683 2022] [php:error] [pid 11864:tid 1848] [client ::1:55308] script 'C:/xampp/htdocs/sendmail.php' not found or unable to stat, referer: http://localhost/dashboard/docs/send-mail.html
[Thu Mar 24 15:46:16.601872 2022] [php:error] [pid 11864:tid 1848] [client ::1:55308] script 'C:/xampp/htdocs/sendmail.php' not found or unable to stat, referer: http://localhost/dashboard/docs/send-mail.html
[Thu Mar 24 16:28:30.827643 2022] [php:error] [pid 11864:tid 1848] [client ::1:60945] script 'C:/xampp/htdocs/sendmail.php' not found or unable to stat, referer: http://localhost/dashboard/docs/send-mail.html
[Fri Mar 25 09:19:47.403377 2022] [php:warn] [pid 11864:tid 1844] [client ::1:49401] PHP Warning:  Undefined variable $body in C:\\xampp\\htdocs\\bizsoft_project\\trialRequest.php on line 100, referer: http://localhost/bizsoft_project/ContactUs.php
[Fri Mar 25 09:21:40.182085 2022] [php:error] [pid 11864:tid 1836] [client ::1:49405] PHP Parse error:  syntax error, unexpected double-quoted string ";?>\r", expecting "," or ";" in C:\\xampp\\htdocs\\bizsoft_project\\trialRequest.php on line 27, referer: http://localhost/bizsoft_project/ContactUs.php
[Fri Mar 25 09:23:04.528880 2022] [php:warn] [pid 11864:tid 1836] [client ::1:49414] PHP Warning:  Undefined variable $body in C:\\xampp\\htdocs\\bizsoft_project\\trialRequest.php on line 100, referer: http://localhost/bizsoft_project/ContactUs.php
[Fri Mar 25 09:23:28.930674 2022] [php:warn] [pid 11864:tid 1836] [client ::1:49416] PHP Warning:  Undefined variable $body in C:\\xampp\\htdocs\\bizsoft_project\\trialRequest.php on line 100, referer: http://localhost/bizsoft_project/ContactUs.php
[Fri Mar 25 09:24:15.623898 2022] [php:error] [pid 11864:tid 1836] [client ::1:49423] PHP Parse error:  syntax error, unexpected token "}", expecting "," or ";" in C:\\xampp\\htdocs\\bizsoft_project\\includes\\header.php on line 28, referer: http://localhost/bizsoft_project/ContactUs.php
[Fri Mar 25 09:25:40.693984 2022] [php:error] [pid 11864:tid 1836] [client ::1:51189] PHP Parse error:  syntax error, unexpected token "}", expecting "," or ";" in C:\\xampp\\htdocs\\bizsoft_project\\includes\\header.php on line 28, referer: http://localhost/bizsoft_project/ContactUs.php
[Fri Mar 25 09:25:42.062770 2022] [php:error] [pid 11864:tid 1836] [client ::1:51189] PHP Parse error:  syntax error, unexpected token "}", expecting "," or ";" in C:\\xampp\\htdocs\\bizsoft_project\\includes\\header.php on line 28, referer: http://localhost/bizsoft_project/ContactUs.php
[Fri Mar 25 09:25:42.622380 2022] [php:error] [pid 11864:tid 1836] [client ::1:51189] PHP Parse error:  syntax error, unexpected token "}", expecting "," or ";" in C:\\xampp\\htdocs\\bizsoft_project\\includes\\header.php on line 28, referer: http://localhost/bizsoft_project/ContactUs.php
[Fri Mar 25 09:25:42.999437 2022] [php:error] [pid 11864:tid 1836] [client ::1:51189] PHP Parse error:  syntax error, unexpected token "}", expecting "," or ";" in C:\\xampp\\htdocs\\bizsoft_project\\includes\\header.php on line 28, referer: http://localhost/bizsoft_project/ContactUs.php
[Fri Mar 25 09:25:43.206518 2022] [php:error] [pid 11864:tid 1836] [client ::1:51189] PHP Parse error:  syntax error, unexpected token "}", expecting "," or ";" in C:\\xampp\\htdocs\\bizsoft_project\\includes\\header.php on line 28, referer: http://localhost/bizsoft_project/ContactUs.php
[Fri Mar 25 09:25:43.397920 2022] [php:error] [pid 11864:tid 1836] [client ::1:51189] PHP Parse error:  syntax error, unexpected token "}", expecting "," or ";" in C:\\xampp\\htdocs\\bizsoft_project\\includes\\header.php on line 28, referer: http://localhost/bizsoft_project/ContactUs.php
[Fri Mar 25 09:25:43.888592 2022] [php:error] [pid 11864:tid 1836] [client ::1:51189] PHP Parse error:  syntax error, unexpected token "}", expecting "," or ";" in C:\\xampp\\htdocs\\bizsoft_project\\includes\\header.php on line 28, referer: http://localhost/bizsoft_project/ContactUs.php
[Fri Mar 25 09:25:44.062209 2022] [php:error] [pid 11864:tid 1836] [client ::1:51189] PHP Parse error:  syntax error, unexpected token "}", expecting "," or ";" in C:\\xampp\\htdocs\\bizsoft_project\\includes\\header.php on line 28, referer: http://localhost/bizsoft_project/ContactUs.php
[Fri Mar 25 09:25:44.237959 2022] [php:error] [pid 11864:tid 1836] [client ::1:51189] PHP Parse error:  syntax error, unexpected token "}", expecting "," or ";" in C:\\xampp\\htdocs\\bizsoft_project\\includes\\header.php on line 28, referer: http://localhost/bizsoft_project/ContactUs.php
[Fri Mar 25 09:26:36.476860 2022] [php:error] [pid 11864:tid 1836] [client ::1:51193] PHP Parse error:  syntax error, unexpected token "}", expecting "," or ";" in C:\\xampp\\htdocs\\bizsoft_project\\includes\\header.php on line 28, referer: http://localhost/bizsoft_project/ContactUs.php
[Fri Mar 25 09:26:37.090794 2022] [php:error] [pid 11864:tid 1836] [client ::1:51193] PHP Parse error:  syntax error, unexpected token "}", expecting "," or ";" in C:\\xampp\\htdocs\\bizsoft_project\\includes\\header.php on line 28, referer: http://localhost/bizsoft_project/ContactUs.php
[Fri Mar 25 09:26:51.408615 2022] [php:error] [pid 11864:tid 1836] [client ::1:51197] PHP Parse error:  syntax error, unexpected token "}", expecting "," or ";" in C:\\xampp\\htdocs\\bizsoft_project\\includes\\header.php on line 28, referer: http://localhost/bizsoft_project/index.php
[Fri Mar 25 09:27:37.574417 2022] [php:error] [pid 11864:tid 1836] [client ::1:51201] PHP Parse error:  syntax error, unexpected token "}", expecting "," or ";" in C:\\xampp\\htdocs\\bizsoft_project\\includes\\header.php on line 28, referer: http://localhost/bizsoft_project/index.php
[Fri Mar 25 09:27:38.233179 2022] [php:error] [pid 11864:tid 1836] [client ::1:51201] PHP Parse error:  syntax error, unexpected token "}", expecting "," or ";" in C:\\xampp\\htdocs\\bizsoft_project\\includes\\header.php on line 28, referer: http://localhost/bizsoft_project/index.php
[Fri Mar 25 09:27:38.580435 2022] [php:error] [pid 11864:tid 1836] [client ::1:51201] PHP Parse error:  syntax error, unexpected token "}", expecting "," or ";" in C:\\xampp\\htdocs\\bizsoft_project\\includes\\header.php on line 28, referer: http://localhost/bizsoft_project/index.php
[Fri Mar 25 09:27:38.800857 2022] [php:error] [pid 11864:tid 1836] [client ::1:51201] PHP Parse error:  syntax error, unexpected token "}", expecting "," or ";" in C:\\xampp\\htdocs\\bizsoft_project\\includes\\header.php on line 28, referer: http://localhost/bizsoft_project/index.php
[Fri Mar 25 09:27:39.178479 2022] [php:error] [pid 11864:tid 1836] [client ::1:51201] PHP Parse error:  syntax error, unexpected token "}", expecting "," or ";" in C:\\xampp\\htdocs\\bizsoft_project\\includes\\header.php on line 28, referer: http://localhost/bizsoft_project/index.php
[Fri Mar 25 09:28:10.830938 2022] [php:error] [pid 11864:tid 1836] [client ::1:51203] PHP Parse error:  syntax error, unexpected token "}", expecting "," or ";" in C:\\xampp\\htdocs\\bizsoft_project\\includes\\header.php on line 28, referer: http://localhost/bizsoft_project/index.php
[Fri Mar 25 09:28:11.775559 2022] [php:error] [pid 11864:tid 1836] [client ::1:51203] PHP Parse error:  syntax error, unexpected token "}", expecting "," or ";" in C:\\xampp\\htdocs\\bizsoft_project\\includes\\header.php on line 28, referer: http://localhost/bizsoft_project/index.php
[Fri Mar 25 09:28:12.030012 2022] [php:error] [pid 11864:tid 1836] [client ::1:51203] PHP Parse error:  syntax error, unexpected token "}", expecting "," or ";" in C:\\xampp\\htdocs\\bizsoft_project\\includes\\header.php on line 28, referer: http://localhost/bizsoft_project/index.php
[Fri Mar 25 09:28:34.761458 2022] [php:error] [pid 11864:tid 1836] [client ::1:51208] PHP Parse error:  syntax error, unexpected token "}", expecting "," or ";" in C:\\xampp\\htdocs\\bizsoft_project\\includes\\header.php on line 29, referer: http://localhost/bizsoft_project/index.php
[Fri Mar 25 09:28:54.966342 2022] [php:error] [pid 11864:tid 1836] [client ::1:51211] PHP Parse error:  syntax error, unexpected token "}", expecting "," or ";" in C:\\xampp\\htdocs\\bizsoft_project\\includes\\header.php on line 31, referer: http://localhost/bizsoft_project/index.php
[Fri Mar 25 09:28:55.961472 2022] [php:error] [pid 11864:tid 1836] [client ::1:51211] PHP Parse error:  syntax error, unexpected token "}", expecting "," or ";" in C:\\xampp\\htdocs\\bizsoft_project\\includes\\header.php on line 31, referer: http://localhost/bizsoft_project/index.php
[Fri Mar 25 09:29:55.888203 2022] [php:error] [pid 11864:tid 1836] [client ::1:51214] PHP Parse error:  syntax error, unexpected token "}", expecting "," or ";" in C:\\xampp\\htdocs\\bizsoft_project\\includes\\header.php on line 27, referer: http://localhost/bizsoft_project/index.php
[Fri Mar 25 09:30:29.915187 2022] [php:error] [pid 11864:tid 1836] [client ::1:57127] PHP Parse error:  syntax error, unexpected token "}", expecting "," or ";" in C:\\xampp\\htdocs\\bizsoft_project\\includes\\header.php on line 28, referer: http://localhost/bizsoft_project/index.php
[Fri Mar 25 09:30:30.529187 2022] [php:error] [pid 11864:tid 1836] [client ::1:57127] PHP Parse error:  syntax error, unexpected token "}", expecting "," or ";" in C:\\xampp\\htdocs\\bizsoft_project\\includes\\header.php on line 28, referer: http://localhost/bizsoft_project/index.php
[Fri Mar 25 09:30:30.780351 2022] [php:error] [pid 11864:tid 1836] [client ::1:57127] PHP Parse error:  syntax error, unexpected token "}", expecting "," or ";" in C:\\xampp\\htdocs\\bizsoft_project\\includes\\header.php on line 28, referer: http://localhost/bizsoft_project/index.php
[Fri Mar 25 09:30:30.969249 2022] [php:error] [pid 11864:tid 1836] [client ::1:57127] PHP Parse error:  syntax error, unexpected token "}", expecting "," or ";" in C:\\xampp\\htdocs\\bizsoft_project\\includes\\header.php on line 28, referer: http://localhost/bizsoft_project/index.php
[Fri Mar 25 09:30:31.156508 2022] [php:error] [pid 11864:tid 1836] [client ::1:57127] PHP Parse error:  syntax error, unexpected token "}", expecting "," or ";" in C:\\xampp\\htdocs\\bizsoft_project\\includes\\header.php on line 28, referer: http://localhost/bizsoft_project/index.php
[Fri Mar 25 09:30:31.357108 2022] [php:error] [pid 11864:tid 1836] [client ::1:57127] PHP Parse error:  syntax error, unexpected token "}", expecting "," or ";" in C:\\xampp\\htdocs\\bizsoft_project\\includes\\header.php on line 28, referer: http://localhost/bizsoft_project/index.php
[Fri Mar 25 09:30:31.645813 2022] [php:error] [pid 11864:tid 1836] [client ::1:57127] PHP Parse error:  syntax error, unexpected token "}", expecting "," or ";" in C:\\xampp\\htdocs\\bizsoft_project\\includes\\header.php on line 28, referer: http://localhost/bizsoft_project/index.php
[Fri Mar 25 09:31:29.219965 2022] [php:error] [pid 11864:tid 1836] [client ::1:57129] PHP Parse error:  syntax error, unexpected token "}", expecting "," or ";" in C:\\xampp\\htdocs\\bizsoft_project\\includes\\header.php on line 28, referer: http://localhost/bizsoft_project/index.php
[Fri Mar 25 09:31:30.183877 2022] [php:error] [pid 11864:tid 1836] [client ::1:57129] PHP Parse error:  syntax error, unexpected token "}", expecting "," or ";" in C:\\xampp\\htdocs\\bizsoft_project\\includes\\header.php on line 28, referer: http://localhost/bizsoft_project/index.php
[Fri Mar 25 09:32:06.968147 2022] [php:error] [pid 11864:tid 1836] [client ::1:57131] PHP Parse error:  syntax error, unexpected token "}", expecting "," or ";" in C:\\xampp\\htdocs\\bizsoft_project\\includes\\header.php on line 28, referer: http://localhost/bizsoft_project/index.php
[Fri Mar 25 09:32:07.773397 2022] [php:error] [pid 11864:tid 1836] [client ::1:57131] PHP Parse error:  syntax error, unexpected token "}", expecting "," or ";" in C:\\xampp\\htdocs\\bizsoft_project\\includes\\header.php on line 28, referer: http://localhost/bizsoft_project/index.php
[Fri Mar 25 09:33:01.839299 2022] [php:error] [pid 11864:tid 1836] [client ::1:57136] PHP Parse error:  syntax error, unexpected token "}", expecting "," or ";" in C:\\xampp\\htdocs\\bizsoft_project\\includes\\header.php on line 28, referer: http://localhost/bizsoft_project/index.php
[Fri Mar 25 09:33:02.729962 2022] [php:error] [pid 11864:tid 1836] [client ::1:57136] PHP Parse error:  syntax error, unexpected token "}", expecting "," or ";" in C:\\xampp\\htdocs\\bizsoft_project\\includes\\header.php on line 28, referer: http://localhost/bizsoft_project/index.php
[Fri Mar 25 09:33:02.981335 2022] [php:error] [pid 11864:tid 1836] [client ::1:57136] PHP Parse error:  syntax error, unexpected token "}", expecting "," or ";" in C:\\xampp\\htdocs\\bizsoft_project\\includes\\header.php on line 28, referer: http://localhost/bizsoft_project/index.php
[Fri Mar 25 09:33:03.175374 2022] [php:error] [pid 11864:tid 1836] [client ::1:57136] PHP Parse error:  syntax error, unexpected token "}", expecting "," or ";" in C:\\xampp\\htdocs\\bizsoft_project\\includes\\header.php on line 28, referer: http://localhost/bizsoft_project/index.php
[Fri Mar 25 09:33:52.639072 2022] [php:error] [pid 11864:tid 1836] [client ::1:57140] PHP Parse error:  syntax error, unexpected token "}", expecting "," or ";" in C:\\xampp\\htdocs\\bizsoft_project\\includes\\header.php on line 28, referer: http://localhost/bizsoft_project/index.php
[Fri Mar 25 09:33:53.480383 2022] [php:error] [pid 11864:tid 1836] [client ::1:57140] PHP Parse error:  syntax error, unexpected token "}", expecting "," or ";" in C:\\xampp\\htdocs\\bizsoft_project\\includes\\header.php on line 28, referer: http://localhost/bizsoft_project/index.php
[Fri Mar 25 09:33:53.668689 2022] [php:error] [pid 11864:tid 1836] [client ::1:57140] PHP Parse error:  syntax error, unexpected token "}", expecting "," or ";" in C:\\xampp\\htdocs\\bizsoft_project\\includes\\header.php on line 28, referer: http://localhost/bizsoft_project/index.php
[Fri Mar 25 09:33:53.856480 2022] [php:error] [pid 11864:tid 1836] [client ::1:57140] PHP Parse error:  syntax error, unexpected token "}", expecting "," or ";" in C:\\xampp\\htdocs\\bizsoft_project\\includes\\header.php on line 28, referer: http://localhost/bizsoft_project/index.php
[Fri Mar 25 09:33:54.408807 2022] [php:error] [pid 11864:tid 1836] [client ::1:57140] PHP Parse error:  syntax error, unexpected token "}", expecting "," or ";" in C:\\xampp\\htdocs\\bizsoft_project\\includes\\header.php on line 28, referer: http://localhost/bizsoft_project/index.php
[Fri Mar 25 09:33:54.644346 2022] [php:error] [pid 11864:tid 1836] [client ::1:57140] PHP Parse error:  syntax error, unexpected token "}", expecting "," or ";" in C:\\xampp\\htdocs\\bizsoft_project\\includes\\header.php on line 28, referer: http://localhost/bizsoft_project/index.php
[Fri Mar 25 09:33:54.865147 2022] [php:error] [pid 11864:tid 1836] [client ::1:57140] PHP Parse error:  syntax error, unexpected token "}", expecting "," or ";" in C:\\xampp\\htdocs\\bizsoft_project\\includes\\header.php on line 28, referer: http://localhost/bizsoft_project/index.php
[Fri Mar 25 09:34:22.167879 2022] [php:error] [pid 11864:tid 1836] [client ::1:57143] PHP Parse error:  syntax error, unexpected token "}", expecting "," or ";" in C:\\xampp\\htdocs\\bizsoft_project\\includes\\header.php on line 28, referer: http://localhost/bizsoft_project/index.php
[Fri Mar 25 09:34:22.694015 2022] [php:error] [pid 11864:tid 1836] [client ::1:57143] PHP Parse error:  syntax error, unexpected token "}", expecting "," or ";" in C:\\xampp\\htdocs\\bizsoft_project\\includes\\header.php on line 28, referer: http://localhost/bizsoft_project/index.php
[Fri Mar 25 09:34:23.027520 2022] [php:error] [pid 11864:tid 1836] [client ::1:57143] PHP Parse error:  syntax error, unexpected token "}", expecting "," or ";" in C:\\xampp\\htdocs\\bizsoft_project\\includes\\header.php on line 28, referer: http://localhost/bizsoft_project/index.php
[Fri Mar 25 09:34:23.213084 2022] [php:error] [pid 11864:tid 1836] [client ::1:57143] PHP Parse error:  syntax error, unexpected token "}", expecting "," or ";" in C:\\xampp\\htdocs\\bizsoft_project\\includes\\header.php on line 28, referer: http://localhost/bizsoft_project/index.php
[Fri Mar 25 09:34:23.345700 2022] [php:error] [pid 11864:tid 1836] [client ::1:57143] PHP Parse error:  syntax error, unexpected token "}", expecting "," or ";" in C:\\xampp\\htdocs\\bizsoft_project\\includes\\header.php on line 28, referer: http://localhost/bizsoft_project/index.php
[Fri Mar 25 09:34:23.517940 2022] [php:error] [pid 11864:tid 1836] [client ::1:57143] PHP Parse error:  syntax error, unexpected token "}", expecting "," or ";" in C:\\xampp\\htdocs\\bizsoft_project\\includes\\header.php on line 28, referer: http://localhost/bizsoft_project/index.php
[Fri Mar 25 09:34:23.690601 2022] [php:error] [pid 11864:tid 1836] [client ::1:57143] PHP Parse error:  syntax error, unexpected token "}", expecting "," or ";" in C:\\xampp\\htdocs\\bizsoft_project\\includes\\header.php on line 28, referer: http://localhost/bizsoft_project/index.php
[Fri Mar 25 09:34:23.879172 2022] [php:error] [pid 11864:tid 1836] [client ::1:57143] PHP Parse error:  syntax error, unexpected token "}", expecting "," or ";" in C:\\xampp\\htdocs\\bizsoft_project\\includes\\header.php on line 28, referer: http://localhost/bizsoft_project/index.php
[Fri Mar 25 09:34:24.020172 2022] [php:error] [pid 11864:tid 1836] [client ::1:57143] PHP Parse error:  syntax error, unexpected token "}", expecting "," or ";" in C:\\xampp\\htdocs\\bizsoft_project\\includes\\header.php on line 28, referer: http://localhost/bizsoft_project/index.php
[Fri Mar 25 09:34:24.177640 2022] [php:error] [pid 11864:tid 1836] [client ::1:57143] PHP Parse error:  syntax error, unexpected token "}", expecting "," or ";" in C:\\xampp\\htdocs\\bizsoft_project\\includes\\header.php on line 28, referer: http://localhost/bizsoft_project/index.php
[Fri Mar 25 09:34:24.350547 2022] [php:error] [pid 11864:tid 1836] [client ::1:57143] PHP Parse error:  syntax error, unexpected token "}", expecting "," or ";" in C:\\xampp\\htdocs\\bizsoft_project\\includes\\header.php on line 28, referer: http://localhost/bizsoft_project/index.php
[Fri Mar 25 09:34:24.527917 2022] [php:error] [pid 11864:tid 1836] [client ::1:57143] PHP Parse error:  syntax error, unexpected token "}", expecting "," or ";" in C:\\xampp\\htdocs\\bizsoft_project\\includes\\header.php on line 28, referer: http://localhost/bizsoft_project/index.php
[Fri Mar 25 09:34:24.685496 2022] [php:error] [pid 11864:tid 1836] [client ::1:57143] PHP Parse error:  syntax error, unexpected token "}", expecting "," or ";" in C:\\xampp\\htdocs\\bizsoft_project\\includes\\header.php on line 28, referer: http://localhost/bizsoft_project/index.php
[Fri Mar 25 09:34:24.847630 2022] [php:error] [pid 11864:tid 1836] [client ::1:57143] PHP Parse error:  syntax error, unexpected token "}", expecting "," or ";" in C:\\xampp\\htdocs\\bizsoft_project\\includes\\header.php on line 28, referer: http://localhost/bizsoft_project/index.php
[Fri Mar 25 09:34:25.005847 2022] [php:error] [pid 11864:tid 1836] [client ::1:57143] PHP Parse error:  syntax error, unexpected token "}", expecting "," or ";" in C:\\xampp\\htdocs\\bizsoft_project\\includes\\header.php on line 28, referer: http://localhost/bizsoft_project/index.php
[Fri Mar 25 09:34:25.180850 2022] [php:error] [pid 11864:tid 1836] [client ::1:57143] PHP Parse error:  syntax error, unexpected token "}", expecting "," or ";" in C:\\xampp\\htdocs\\bizsoft_project\\includes\\header.php on line 28, referer: http://localhost/bizsoft_project/index.php
[Fri Mar 25 09:34:25.343799 2022] [php:error] [pid 11864:tid 1836] [client ::1:57143] PHP Parse error:  syntax error, unexpected token "}", expecting "," or ";" in C:\\xampp\\htdocs\\bizsoft_project\\includes\\header.php on line 28, referer: http://localhost/bizsoft_project/index.php
[Fri Mar 25 09:34:25.511377 2022] [php:error] [pid 11864:tid 1836] [client ::1:57143] PHP Parse error:  syntax error, unexpected token "}", expecting "," or ";" in C:\\xampp\\htdocs\\bizsoft_project\\includes\\header.php on line 28, referer: http://localhost/bizsoft_project/index.php
[Fri Mar 25 09:34:25.695083 2022] [php:error] [pid 11864:tid 1836] [client ::1:57143] PHP Parse error:  syntax error, unexpected token "}", expecting "," or ";" in C:\\xampp\\htdocs\\bizsoft_project\\includes\\header.php on line 28, referer: http://localhost/bizsoft_project/index.php
[Fri Mar 25 09:34:25.871610 2022] [php:error] [pid 11864:tid 1836] [client ::1:57143] PHP Parse error:  syntax error, unexpected token "}", expecting "," or ";" in C:\\xampp\\htdocs\\bizsoft_project\\includes\\header.php on line 28, referer: http://localhost/bizsoft_project/index.php
[Fri Mar 25 09:34:26.334231 2022] [php:error] [pid 11864:tid 1836] [client ::1:57143] PHP Parse error:  syntax error, unexpected token "}", expecting "," or ";" in C:\\xampp\\htdocs\\bizsoft_project\\includes\\header.php on line 28, referer: http://localhost/bizsoft_project/index.php
[Fri Mar 25 09:34:26.533517 2022] [php:error] [pid 11864:tid 1836] [client ::1:57143] PHP Parse error:  syntax error, unexpected token "}", expecting "," or ";" in C:\\xampp\\htdocs\\bizsoft_project\\includes\\header.php on line 28, referer: http://localhost/bizsoft_project/index.php
[Fri Mar 25 09:34:26.762076 2022] [php:error] [pid 11864:tid 1836] [client ::1:57143] PHP Parse error:  syntax error, unexpected token "}", expecting "," or ";" in C:\\xampp\\htdocs\\bizsoft_project\\includes\\header.php on line 28, referer: http://localhost/bizsoft_project/index.php
[Fri Mar 25 09:34:26.927632 2022] [php:error] [pid 11864:tid 1836] [client ::1:57143] PHP Parse error:  syntax error, unexpected token "}", expecting "," or ";" in C:\\xampp\\htdocs\\bizsoft_project\\includes\\header.php on line 28, referer: http://localhost/bizsoft_project/index.php
[Fri Mar 25 09:34:27.125157 2022] [php:error] [pid 11864:tid 1836] [client ::1:57143] PHP Parse error:  syntax error, unexpected token "}", expecting "," or ";" in C:\\xampp\\htdocs\\bizsoft_project\\includes\\header.php on line 28, referer: http://localhost/bizsoft_project/index.php
[Fri Mar 25 09:34:27.542018 2022] [php:error] [pid 11864:tid 1836] [client ::1:57143] PHP Parse error:  syntax error, unexpected token "}", expecting "," or ";" in C:\\xampp\\htdocs\\bizsoft_project\\includes\\header.php on line 28, referer: http://localhost/bizsoft_project/index.php
[Fri Mar 25 09:34:27.752258 2022] [php:error] [pid 11864:tid 1836] [client ::1:57143] PHP Parse error:  syntax error, unexpected token "}", expecting "," or ";" in C:\\xampp\\htdocs\\bizsoft_project\\includes\\header.php on line 28, referer: http://localhost/bizsoft_project/index.php
[Fri Mar 25 09:34:27.948902 2022] [php:error] [pid 11864:tid 1836] [client ::1:57143] PHP Parse error:  syntax error, unexpected token "}", expecting "," or ";" in C:\\xampp\\htdocs\\bizsoft_project\\includes\\header.php on line 28, referer: http://localhost/bizsoft_project/index.php
[Fri Mar 25 09:34:28.208235 2022] [php:error] [pid 11864:tid 1836] [client ::1:57143] PHP Parse error:  syntax error, unexpected token "}", expecting "," or ";" in C:\\xampp\\htdocs\\bizsoft_project\\includes\\header.php on line 28, referer: http://localhost/bizsoft_project/index.php
[Fri Mar 25 09:34:28.397269 2022] [php:error] [pid 11864:tid 1836] [client ::1:57143] PHP Parse error:  syntax error, unexpected token "}", expecting "," or ";" in C:\\xampp\\htdocs\\bizsoft_project\\includes\\header.php on line 28, referer: http://localhost/bizsoft_project/index.php
[Fri Mar 25 09:34:28.565111 2022] [php:error] [pid 11864:tid 1836] [client ::1:57143] PHP Parse error:  syntax error, unexpected token "}", expecting "," or ";" in C:\\xampp\\htdocs\\bizsoft_project\\includes\\header.php on line 28, referer: http://localhost/bizsoft_project/index.php
[Fri Mar 25 09:34:28.918404 2022] [php:error] [pid 11864:tid 1836] [client ::1:57143] PHP Parse error:  syntax error, unexpected token "}", expecting "," or ";" in C:\\xampp\\htdocs\\bizsoft_project\\includes\\header.php on line 28, referer: http://localhost/bizsoft_project/index.php
[Fri Mar 25 09:34:29.102193 2022] [php:error] [pid 11864:tid 1836] [client ::1:57143] PHP Parse error:  syntax error, unexpected token "}", expecting "," or ";" in C:\\xampp\\htdocs\\bizsoft_project\\includes\\header.php on line 28, referer: http://localhost/bizsoft_project/index.php
[Fri Mar 25 09:34:29.255895 2022] [php:error] [pid 11864:tid 1836] [client ::1:57143] PHP Parse error:  syntax error, unexpected token "}", expecting "," or ";" in C:\\xampp\\htdocs\\bizsoft_project\\includes\\header.php on line 28, referer: http://localhost/bizsoft_project/index.php
[Fri Mar 25 09:34:29.456308 2022] [php:error] [pid 11864:tid 1836] [client ::1:57143] PHP Parse error:  syntax error, unexpected token "}", expecting "," or ";" in C:\\xampp\\htdocs\\bizsoft_project\\includes\\header.php on line 28, referer: http://localhost/bizsoft_project/index.php
[Fri Mar 25 09:34:29.613322 2022] [php:error] [pid 11864:tid 1836] [client ::1:57143] PHP Parse error:  syntax error, unexpected token "}", expecting "," or ";" in C:\\xampp\\htdocs\\bizsoft_project\\includes\\header.php on line 28, referer: http://localhost/bizsoft_project/index.php
[Fri Mar 25 09:34:29.764898 2022] [php:error] [pid 11864:tid 1836] [client ::1:57143] PHP Parse error:  syntax error, unexpected token "}", expecting "," or ";" in C:\\xampp\\htdocs\\bizsoft_project\\includes\\header.php on line 28, referer: http://localhost/bizsoft_project/index.php
[Fri Mar 25 09:34:29.941872 2022] [php:error] [pid 11864:tid 1836] [client ::1:57143] PHP Parse error:  syntax error, unexpected token "}", expecting "," or ";" in C:\\xampp\\htdocs\\bizsoft_project\\includes\\header.php on line 28, referer: http://localhost/bizsoft_project/index.php
[Fri Mar 25 09:34:30.118106 2022] [php:error] [pid 11864:tid 1836] [client ::1:57143] PHP Parse error:  syntax error, unexpected token "}", expecting "," or ";" in C:\\xampp\\htdocs\\bizsoft_project\\includes\\header.php on line 28, referer: http://localhost/bizsoft_project/index.php
[Fri Mar 25 09:34:33.807674 2022] [mpm_winnt:notice] [pid 26152:tid 688] AH00422: Parent: Received shutdown signal -- Shutting down the server.
[Fri Mar 25 09:34:37.251041 2022] [mpm_winnt:notice] [pid 11864:tid 604] AH00364: Child: All worker threads have exited.
[Fri Mar 25 09:34:38.085697 2022] [mpm_winnt:notice] [pid 26152:tid 688] AH00430: Parent: Child process 11864 exited successfully.
[Fri Mar 25 09:34:54.780199 2022] [ssl:warn] [pid 11288:tid 660] AH01909: www.example.com:443:0 server certificate does NOT include an ID which matches the server name
[Fri Mar 25 09:34:54.859611 2022] [ssl:warn] [pid 11288:tid 660] AH01909: www.example.com:443:0 server certificate does NOT include an ID which matches the server name
[Fri Mar 25 09:34:54.875232 2022] [mpm_winnt:notice] [pid 11288:tid 660] AH00455: Apache/2.4.52 (Win64) OpenSSL/1.1.1m PHP/8.0.17 configured -- resuming normal operations
[Fri Mar 25 09:34:54.875232 2022] [mpm_winnt:notice] [pid 11288:tid 660] AH00456: Apache Lounge VS16 Server built: Dec 17 2021 10:17:38
[Fri Mar 25 09:34:54.875232 2022] [core:notice] [pid 11288:tid 660] AH00094: Command line: 'C:\\xampp\\apache\\bin\\httpd.exe -d C:/xampp/apache'
[Fri Mar 25 09:34:55.032574 2022] [mpm_winnt:notice] [pid 11288:tid 660] AH00418: Parent: Created child process 25264
[Fri Mar 25 09:34:55.449410 2022] [ssl:warn] [pid 25264:tid 588] AH01909: www.example.com:443:0 server certificate does NOT include an ID which matches the server name
[Fri Mar 25 09:34:55.528174 2022] [ssl:warn] [pid 25264:tid 588] AH01909: www.example.com:443:0 server certificate does NOT include an ID which matches the server name
[Fri Mar 25 09:34:55.543840 2022] [mpm_winnt:notice] [pid 25264:tid 588] AH00354: Child: Starting 150 worker threads.
[Fri Mar 25 09:34:57.226828 2022] [php:error] [pid 25264:tid 1856] [client 127.0.0.1:57169] PHP Parse error:  syntax error, unexpected token "}", expecting "," or ";" in C:\\xampp\\htdocs\\bizsoft_project\\includes\\header.php on line 28, referer: http://localhost/bizsoft_project/index.php
[Fri Mar 25 09:41:18.467581 2022] [php:error] [pid 25264:tid 1856] [client ::1:50571] PHP Parse error:  syntax error, unexpected token "}", expecting "," or ";" in C:\\xampp\\htdocs\\bizsoft_project\\includes\\header.php on line 31, referer: http://localhost/bizsoft_project/index.php
[Fri Mar 25 09:42:36.652218 2022] [php:error] [pid 25264:tid 1856] [client ::1:50580] PHP Parse error:  syntax error, unexpected token "}", expecting "," or ";" in C:\\xampp\\htdocs\\bizsoft_project\\includes\\header.php on line 57, referer: http://localhost/bizsoft_project/index.php
[Fri Mar 25 09:42:37.993360 2022] [php:error] [pid 25264:tid 1856] [client ::1:50580] PHP Parse error:  syntax error, unexpected token "}", expecting "," or ";" in C:\\xampp\\htdocs\\bizsoft_project\\includes\\header.php on line 57, referer: http://localhost/bizsoft_project/index.php
[Fri Mar 25 09:43:10.502499 2022] [php:warn] [pid 25264:tid 1856] [client ::1:50584] PHP Warning:  Undefined variable $body in C:\\xampp\\htdocs\\bizsoft_project\\trialRequest.php on line 100, referer: http://localhost/bizsoft_project/index.php
[Fri Mar 25 09:43:17.474032 2022] [php:warn] [pid 25264:tid 1856] [client ::1:50585] PHP Warning:  Undefined variable $body in C:\\xampp\\htdocs\\bizsoft_project\\trialRequest.php on line 100, referer: http://localhost/bizsoft_project/trialRequest.php
[Fri Mar 25 09:43:24.771391 2022] [php:warn] [pid 25264:tid 1856] [client ::1:50585] PHP Warning:  Undefined variable $body in C:\\xampp\\htdocs\\bizsoft_project\\trialRequest.php on line 100, referer: http://localhost/bizsoft_project/aboutUs.php
[Fri Mar 25 09:43:28.718657 2022] [php:warn] [pid 25264:tid 1856] [client ::1:50585] PHP Warning:  Undefined variable $page in C:\\xampp\\htdocs\\bizsoft_project\\includes\\header.php on line 27, referer: http://localhost/bizsoft_project/trialRequest.php
[Fri Mar 25 09:43:28.729968 2022] [php:warn] [pid 25264:tid 1856] [client ::1:50585] PHP Warning:  Undefined variable $page in C:\\xampp\\htdocs\\bizsoft_project\\includes\\header.php on line 30, referer: http://localhost/bizsoft_project/trialRequest.php
[Fri Mar 25 09:43:28.729968 2022] [php:warn] [pid 25264:tid 1856] [client ::1:50585] PHP Warning:  Undefined variable $page in C:\\xampp\\htdocs\\bizsoft_project\\includes\\header.php on line 33, referer: http://localhost/bizsoft_project/trialRequest.php
[Fri Mar 25 09:43:28.729968 2022] [php:warn] [pid 25264:tid 1856] [client ::1:50585] PHP Warning:  Undefined variable $page in C:\\xampp\\htdocs\\bizsoft_project\\includes\\header.php on line 41, referer: http://localhost/bizsoft_project/trialRequest.php
[Fri Mar 25 09:43:28.729968 2022] [php:warn] [pid 25264:tid 1856] [client ::1:50585] PHP Warning:  Undefined variable $page in C:\\xampp\\htdocs\\bizsoft_project\\includes\\header.php on line 43, referer: http://localhost/bizsoft_project/trialRequest.php
[Fri Mar 25 09:43:28.729968 2022] [php:warn] [pid 25264:tid 1856] [client ::1:50585] PHP Warning:  Undefined variable $page in C:\\xampp\\htdocs\\bizsoft_project\\includes\\header.php on line 51, referer: http://localhost/bizsoft_project/trialRequest.php
[Fri Mar 25 09:43:28.729968 2022] [php:warn] [pid 25264:tid 1856] [client ::1:50585] PHP Warning:  Undefined variable $page in C:\\xampp\\htdocs\\bizsoft_project\\includes\\header.php on line 53, referer: http://localhost/bizsoft_project/trialRequest.php
[Fri Mar 25 09:43:28.730973 2022] [php:warn] [pid 25264:tid 1856] [client ::1:50585] PHP Warning:  Undefined variable $page in C:\\xampp\\htdocs\\bizsoft_project\\includes\\header.php on line 56, referer: http://localhost/bizsoft_project/trialRequest.php
[Fri Mar 25 09:44:51.996206 2022] [php:warn] [pid 25264:tid 1816] [client ::1:50595] PHP Warning:  include(includes/header.php;): Failed to open stream: No such file or directory in C:\\xampp\\htdocs\\bizsoft_project\\downloadHRM.php on line 1, referer: http://localhost/bizsoft_project/index.php
[Fri Mar 25 09:44:51.996206 2022] [php:warn] [pid 25264:tid 1816] [client ::1:50595] PHP Warning:  include(): Failed opening 'includes/header.php;' for inclusion (include_path='C:\\xampp\\php\\PEAR') in C:\\xampp\\htdocs\\bizsoft_project\\downloadHRM.php on line 1, referer: http://localhost/bizsoft_project/index.php
[Fri Mar 25 09:45:35.397076 2022] [php:warn] [pid 25264:tid 1816] [client ::1:50480] PHP Warning:  include(includes/header.php;): Failed to open stream: No such file or directory in C:\\xampp\\htdocs\\bizsoft_project\\downloadHRM.php on line 1, referer: http://localhost/bizsoft_project/index.php
[Fri Mar 25 09:45:35.397076 2022] [php:warn] [pid 25264:tid 1816] [client ::1:50480] PHP Warning:  include(): Failed opening 'includes/header.php;' for inclusion (include_path='C:\\xampp\\php\\PEAR') in C:\\xampp\\htdocs\\bizsoft_project\\downloadHRM.php on line 1, referer: http://localhost/bizsoft_project/index.php
[Fri Mar 25 09:45:37.812557 2022] [php:warn] [pid 25264:tid 1816] [client ::1:50480] PHP Warning:  include(includes/header.php;): Failed to open stream: No such file or directory in C:\\xampp\\htdocs\\bizsoft_project\\downloadHRM.php on line 1, referer: http://localhost/bizsoft_project/index.php
[Fri Mar 25 09:45:37.812557 2022] [php:warn] [pid 25264:tid 1816] [client ::1:50480] PHP Warning:  include(): Failed opening 'includes/header.php;' for inclusion (include_path='C:\\xampp\\php\\PEAR') in C:\\xampp\\htdocs\\bizsoft_project\\downloadHRM.php on line 1, referer: http://localhost/bizsoft_project/index.php
[Fri Mar 25 09:45:38.063083 2022] [php:warn] [pid 25264:tid 1816] [client ::1:50480] PHP Warning:  include(includes/header.php;): Failed to open stream: No such file or directory in C:\\xampp\\htdocs\\bizsoft_project\\downloadHRM.php on line 1, referer: http://localhost/bizsoft_project/index.php
[Fri Mar 25 09:45:38.063083 2022] [php:warn] [pid 25264:tid 1816] [client ::1:50480] PHP Warning:  include(): Failed opening 'includes/header.php;' for inclusion (include_path='C:\\xampp\\php\\PEAR') in C:\\xampp\\htdocs\\bizsoft_project\\downloadHRM.php on line 1, referer: http://localhost/bizsoft_project/index.php
[Fri Mar 25 09:45:38.329844 2022] [php:warn] [pid 25264:tid 1816] [client ::1:50480] PHP Warning:  include(includes/header.php;): Failed to open stream: No such file or directory in C:\\xampp\\htdocs\\bizsoft_project\\downloadHRM.php on line 1, referer: http://localhost/bizsoft_project/index.php
[Fri Mar 25 09:45:38.329844 2022] [php:warn] [pid 25264:tid 1816] [client ::1:50480] PHP Warning:  include(): Failed opening 'includes/header.php;' for inclusion (include_path='C:\\xampp\\php\\PEAR') in C:\\xampp\\htdocs\\bizsoft_project\\downloadHRM.php on line 1, referer: http://localhost/bizsoft_project/index.php
[Fri Mar 25 09:45:38.817309 2022] [php:warn] [pid 25264:tid 1816] [client ::1:50480] PHP Warning:  include(includes/header.php;): Failed to open stream: No such file or directory in C:\\xampp\\htdocs\\bizsoft_project\\downloadHRM.php on line 1, referer: http://localhost/bizsoft_project/index.php
[Fri Mar 25 09:45:38.817309 2022] [php:warn] [pid 25264:tid 1816] [client ::1:50480] PHP Warning:  include(): Failed opening 'includes/header.php;' for inclusion (include_path='C:\\xampp\\php\\PEAR') in C:\\xampp\\htdocs\\bizsoft_project\\downloadHRM.php on line 1, referer: http://localhost/bizsoft_project/index.php
[Fri Mar 25 09:45:39.572308 2022] [php:warn] [pid 25264:tid 1816] [client ::1:50480] PHP Warning:  include(includes/header.php;): Failed to open stream: No such file or directory in C:\\xampp\\htdocs\\bizsoft_project\\downloadHRM.php on line 1, referer: http://localhost/bizsoft_project/index.php
[Fri Mar 25 09:45:39.572308 2022] [php:warn] [pid 25264:tid 1816] [client ::1:50480] PHP Warning:  include(): Failed opening 'includes/header.php;' for inclusion (include_path='C:\\xampp\\php\\PEAR') in C:\\xampp\\htdocs\\bizsoft_project\\downloadHRM.php on line 1, referer: http://localhost/bizsoft_project/index.php
[Fri Mar 25 09:45:39.940399 2022] [php:warn] [pid 25264:tid 1816] [client ::1:50480] PHP Warning:  include(includes/header.php;): Failed to open stream: No such file or directory in C:\\xampp\\htdocs\\bizsoft_project\\downloadHRM.php on line 1, referer: http://localhost/bizsoft_project/index.php
[Fri Mar 25 09:45:39.940399 2022] [php:warn] [pid 25264:tid 1816] [client ::1:50480] PHP Warning:  include(): Failed opening 'includes/header.php;' for inclusion (include_path='C:\\xampp\\php\\PEAR') in C:\\xampp\\htdocs\\bizsoft_project\\downloadHRM.php on line 1, referer: http://localhost/bizsoft_project/index.php
[Fri Mar 25 09:45:40.748280 2022] [php:warn] [pid 25264:tid 1816] [client ::1:50480] PHP Warning:  include(includes/header.php;): Failed to open stream: No such file or directory in C:\\xampp\\htdocs\\bizsoft_project\\downloadHRM.php on line 1, referer: http://localhost/bizsoft_project/index.php
[Fri Mar 25 09:45:40.748280 2022] [php:warn] [pid 25264:tid 1816] [client ::1:50480] PHP Warning:  include(): Failed opening 'includes/header.php;' for inclusion (include_path='C:\\xampp\\php\\PEAR') in C:\\xampp\\htdocs\\bizsoft_project\\downloadHRM.php on line 1, referer: http://localhost/bizsoft_project/index.php
[Fri Mar 25 09:45:41.131909 2022] [php:warn] [pid 25264:tid 1816] [client ::1:50480] PHP Warning:  include(includes/header.php;): Failed to open stream: No such file or directory in C:\\xampp\\htdocs\\bizsoft_project\\downloadHRM.php on line 1, referer: http://localhost/bizsoft_project/index.php
[Fri Mar 25 09:45:41.131909 2022] [php:warn] [pid 25264:tid 1816] [client ::1:50480] PHP Warning:  include(): Failed opening 'includes/header.php;' for inclusion (include_path='C:\\xampp\\php\\PEAR') in C:\\xampp\\htdocs\\bizsoft_project\\downloadHRM.php on line 1, referer: http://localhost/bizsoft_project/index.php
[Fri Mar 25 09:51:07.516624 2022] [php:error] [pid 25264:tid 1816] [client ::1:57946] script 'C:/xampp/htdocs/bizsoft_project/contactUsprocessor.php' not found or unable to stat, referer: http://localhost/bizsoft_project/ContactUs.php
[Fri Mar 25 09:57:41.120381 2022] [php:error] [pid 25264:tid 1816] [client ::1:57927] script 'C:/xampp/htdocs/bizsoft_project/contactUsprocessor.php' not found or unable to stat, referer: http://localhost/bizsoft_project/ContactUs.php
[Fri Mar 25 10:27:14.886254 2022] [php:error] [pid 25264:tid 1816] [client ::1:55680] PHP Parse error:  syntax error, unexpected token "include" in C:\\xampp\\htdocs\\bizsoft_project\\index.php on line 1, referer: http://localhost/bizsoft_project/aboutUs.php
[Fri Mar 25 11:20:59.221623 2022] [mpm_winnt:notice] [pid 11288:tid 660] AH00422: Parent: Received shutdown signal -- Shutting down the server.
[Fri Mar 25 11:21:02.127359 2022] [mpm_winnt:notice] [pid 25264:tid 588] AH00364: Child: All worker threads have exited.
[Fri Mar 25 11:21:02.690945 2022] [mpm_winnt:notice] [pid 11288:tid 660] AH00430: Parent: Child process 25264 exited successfully.
[Fri Mar 25 11:21:32.723932 2022] [ssl:warn] [pid 20088:tid 684] AH01909: www.example.com:443:0 server certificate does NOT include an ID which matches the server name
[Fri Mar 25 11:21:32.828861 2022] [ssl:warn] [pid 20088:tid 684] AH01909: www.example.com:443:0 server certificate does NOT include an ID which matches the server name
[Fri Mar 25 11:21:32.847813 2022] [mpm_winnt:notice] [pid 20088:tid 684] AH00455: Apache/2.4.52 (Win64) OpenSSL/1.1.1m PHP/8.0.17 configured -- resuming normal operations
[Fri Mar 25 11:21:32.847813 2022] [mpm_winnt:notice] [pid 20088:tid 684] AH00456: Apache Lounge VS16 Server built: Dec 17 2021 10:17:38
[Fri Mar 25 11:21:32.847813 2022] [core:notice] [pid 20088:tid 684] AH00094: Command line: 'C:\\xampp\\apache\\bin\\httpd.exe -d C:/xampp/apache'
[Fri Mar 25 11:21:33.626979 2022] [mpm_winnt:notice] [pid 20088:tid 684] AH00418: Parent: Created child process 19088
[Fri Mar 25 11:21:34.090601 2022] [ssl:warn] [pid 19088:tid 608] AH01909: www.example.com:443:0 server certificate does NOT include an ID which matches the server name
[Fri Mar 25 11:21:34.148775 2022] [ssl:warn] [pid 19088:tid 608] AH01909: www.example.com:443:0 server certificate does NOT include an ID which matches the server name
[Fri Mar 25 11:21:34.171680 2022] [mpm_winnt:notice] [pid 19088:tid 608] AH00354: Child: Starting 150 worker threads.
[Fri Mar 25 11:27:33.553528 2022] [php:error] [pid 19088:tid 1840] [client ::1:51400] PHP Parse error:  syntax error, unexpected identifier "Location" in C:\\xampp\\htdocs\\bizsoft_project\\contactform.php on line 13, referer: http://localhost/bizsoft_project/ContactUs.php
[Fri Mar 25 11:29:58.550895 2022] [php:error] [pid 19088:tid 1840] [client ::1:51425] PHP Parse error:  syntax error, unexpected identifier "Location" in C:\\xampp\\htdocs\\bizsoft_project\\contactform.php on line 13, referer: http://localhost/bizsoft_project/ContactUs.php
[Fri Mar 25 11:30:33.665365 2022] [php:error] [pid 19088:tid 1840] [client ::1:51427] PHP Parse error:  syntax error, unexpected identifier "Location" in C:\\xampp\\htdocs\\bizsoft_project\\contactform.php on line 13, referer: http://localhost/bizsoft_project/ContactUs.php
[Fri Mar 25 11:30:37.386062 2022] [php:error] [pid 19088:tid 1840] [client ::1:51427] PHP Parse error:  syntax error, unexpected identifier "Location" in C:\\xampp\\htdocs\\bizsoft_project\\contactform.php on line 13, referer: http://localhost/bizsoft_project/ContactUs.php
[Fri Mar 25 11:30:51.563691 2022] [php:error] [pid 19088:tid 1840] [client ::1:51429] PHP Parse error:  syntax error, unexpected identifier "Location" in C:\\xampp\\htdocs\\bizsoft_project\\contactform.php on line 13, referer: http://localhost/bizsoft_project/ContactUs.php
[Fri Mar 25 11:30:54.915414 2022] [php:error] [pid 19088:tid 1840] [client ::1:51429] PHP Parse error:  syntax error, unexpected identifier "Location" in C:\\xampp\\htdocs\\bizsoft_project\\contactform.php on line 13, referer: http://localhost/bizsoft_project/ContactUs.php
[Fri Mar 25 11:31:27.903840 2022] [mpm_winnt:notice] [pid 20088:tid 684] AH00422: Parent: Received shutdown signal -- Shutting down the server.
[Fri Mar 25 11:31:29.927436 2022] [mpm_winnt:notice] [pid 19088:tid 608] AH00364: Child: All worker threads have exited.
[Fri Mar 25 11:31:29.943026 2022] [mpm_winnt:notice] [pid 20088:tid 684] AH00430: Parent: Child process 19088 exited successfully.
[Fri Mar 25 11:32:08.722865 2022] [ssl:warn] [pid 9804:tid 664] AH01909: www.example.com:443:0 server certificate does NOT include an ID which matches the server name
[Fri Mar 25 11:32:08.791116 2022] [ssl:warn] [pid 9804:tid 664] AH01909: www.example.com:443:0 server certificate does NOT include an ID which matches the server name
[Fri Mar 25 11:32:08.812060 2022] [mpm_winnt:notice] [pid 9804:tid 664] AH00455: Apache/2.4.52 (Win64) OpenSSL/1.1.1m PHP/8.0.17 configured -- resuming normal operations
[Fri Mar 25 11:32:08.812060 2022] [mpm_winnt:notice] [pid 9804:tid 664] AH00456: Apache Lounge VS16 Server built: Dec 17 2021 10:17:38
[Fri Mar 25 11:32:08.812060 2022] [core:notice] [pid 9804:tid 664] AH00094: Command line: 'C:\\xampp\\apache\\bin\\httpd.exe -d C:/xampp/apache'
[Fri Mar 25 11:32:08.857265 2022] [mpm_winnt:notice] [pid 9804:tid 664] AH00418: Parent: Created child process 5880
[Fri Mar 25 11:32:09.262011 2022] [ssl:warn] [pid 5880:tid 584] AH01909: www.example.com:443:0 server certificate does NOT include an ID which matches the server name
[Fri Mar 25 11:32:09.320082 2022] [ssl:warn] [pid 5880:tid 584] AH01909: www.example.com:443:0 server certificate does NOT include an ID which matches the server name
[Fri Mar 25 11:32:09.340992 2022] [mpm_winnt:notice] [pid 5880:tid 584] AH00354: Child: Starting 150 worker threads.
[Fri Mar 25 11:32:16.548026 2022] [php:error] [pid 5880:tid 1852] [client ::1:51471] PHP Parse error:  syntax error, unexpected identifier "Location" in C:\\xampp\\htdocs\\bizsoft_project\\contactform.php on line 13, referer: http://localhost/bizsoft_project/ContactUs.php
[Fri Mar 25 11:34:16.843028 2022] [php:error] [pid 5880:tid 1852] [client ::1:51479] PHP Parse error:  syntax error, unexpected identifier "index" in C:\\xampp\\htdocs\\bizsoft_project\\contactform.php on line 13, referer: http://localhost/bizsoft_project/ContactUs.php
[Fri Mar 25 11:34:44.806188 2022] [php:error] [pid 5880:tid 1852] [client ::1:51486] PHP Parse error:  syntax error, unexpected identifier "location" in C:\\xampp\\htdocs\\bizsoft_project\\contactform.php on line 13, referer: http://localhost/bizsoft_project/ContactUs.php
[Fri Mar 25 11:40:44.223599 2022] [php:error] [pid 5880:tid 1852] [client ::1:51509] PHP Parse error:  syntax error, unexpected identifier "Location" in C:\\xampp\\htdocs\\bizsoft_project\\contactform.php on line 13, referer: http://localhost/bizsoft_project/ContactUs.php
[Fri Mar 25 11:42:07.262977 2022] [php:error] [pid 5880:tid 1852] [client ::1:51511] PHP Parse error:  syntax error, unexpected identifier "Location" in C:\\xampp\\htdocs\\bizsoft_project\\contactform.php on line 13, referer: http://localhost/bizsoft_project/ContactUs.php
[Fri Mar 25 11:45:16.641180 2022] [php:error] [pid 5880:tid 1852] [client ::1:51522] PHP Parse error:  syntax error, unexpected identifier "Location" in C:\\xampp\\htdocs\\bizsoft_project\\contactform.php on line 13, referer: http://localhost/bizsoft_project/ContactUs.php
[Fri Mar 25 11:45:44.896455 2022] [php:error] [pid 5880:tid 1852] [client ::1:51524] PHP Parse error:  Unclosed '{' on line 2 in C:\\xampp\\htdocs\\bizsoft_project\\contactform.php on line 14, referer: http://localhost/bizsoft_project/ContactUs.php
[Fri Mar 25 12:22:32.051478 2022] [php:error] [pid 5880:tid 1852] [client ::1:51638] PHP Parse error:  Unclosed '{' on line 18 in C:\\xampp\\htdocs\\bizsoft_project\\contactform.php on line 53, referer: http://localhost/bizsoft_project/ContactUs.php
[Fri Mar 25 12:24:10.382168 2022] [php:error] [pid 5880:tid 1852] [client ::1:51648] PHP Parse error:  Unclosed '{' on line 18 in C:\\xampp\\htdocs\\bizsoft_project\\contactform.php on line 59, referer: http://localhost/bizsoft_project/ContactUs.php
[Fri Mar 25 12:24:27.917077 2022] [php:error] [pid 5880:tid 1852] [client ::1:51649] PHP Parse error:  Unclosed '{' on line 18 in C:\\xampp\\htdocs\\bizsoft_project\\contactform.php on line 60, referer: http://localhost/bizsoft_project/ContactUs.php
[Fri Mar 25 12:25:25.722000 2022] [php:warn] [pid 5880:tid 1852] [client ::1:51654] PHP Warning:  Undefined variable $recipient in C:\\xampp\\htdocs\\bizsoft_project\\contactform.php on line 61, referer: http://localhost/bizsoft_project/ContactUs.php
[Fri Mar 25 12:25:25.722000 2022] [php:warn] [pid 5880:tid 1852] [client ::1:51654] PHP Warning:  Undefined variable $email_title in C:\\xampp\\htdocs\\bizsoft_project\\contactform.php on line 61, referer: http://localhost/bizsoft_project/ContactUs.php
[Fri Mar 25 12:25:25.722000 2022] [php:warn] [pid 5880:tid 1852] [client ::1:51654] PHP Warning:  Undefined variable $email_body in C:\\xampp\\htdocs\\bizsoft_project\\contactform.php on line 61, referer: http://localhost/bizsoft_project/ContactUs.php
[Fri Mar 25 12:26:20.472766 2022] [php:warn] [pid 5880:tid 1852] [client ::1:59777] PHP Warning:  Undefined variable $recipient in C:\\xampp\\htdocs\\bizsoft_project\\contactform.php on line 61, referer: http://localhost/bizsoft_project/ContactUs.php
[Fri Mar 25 12:28:46.106865 2022] [mpm_winnt:notice] [pid 9804:tid 664] AH00422: Parent: Received shutdown signal -- Shutting down the server.
[Fri Mar 25 12:28:48.151766 2022] [mpm_winnt:notice] [pid 5880:tid 584] AH00364: Child: All worker threads have exited.
[Fri Mar 25 12:28:48.692578 2022] [mpm_winnt:notice] [pid 9804:tid 664] AH00430: Parent: Child process 5880 exited successfully.
[Fri Mar 25 12:28:52.090366 2022] [ssl:warn] [pid 17696:tid 712] AH01909: www.example.com:443:0 server certificate does NOT include an ID which matches the server name
[Fri Mar 25 12:28:52.189057 2022] [ssl:warn] [pid 17696:tid 712] AH01909: www.example.com:443:0 server certificate does NOT include an ID which matches the server name
[Fri Mar 25 12:28:52.441007 2022] [mpm_winnt:notice] [pid 17696:tid 712] AH00455: Apache/2.4.52 (Win64) OpenSSL/1.1.1m PHP/8.0.17 configured -- resuming normal operations
[Fri Mar 25 12:28:52.441007 2022] [mpm_winnt:notice] [pid 17696:tid 712] AH00456: Apache Lounge VS16 Server built: Dec 17 2021 10:17:38
[Fri Mar 25 12:28:52.441007 2022] [core:notice] [pid 17696:tid 712] AH00094: Command line: 'C:\\xampp\\apache\\bin\\httpd.exe -d C:/xampp/apache'
[Fri Mar 25 12:28:52.631124 2022] [mpm_winnt:notice] [pid 17696:tid 712] AH00418: Parent: Created child process 700
[Fri Mar 25 12:28:52.968170 2022] [ssl:warn] [pid 700:tid 592] AH01909: www.example.com:443:0 server certificate does NOT include an ID which matches the server name
[Fri Mar 25 12:28:53.024234 2022] [ssl:warn] [pid 700:tid 592] AH01909: www.example.com:443:0 server certificate does NOT include an ID which matches the server name
[Fri Mar 25 12:28:53.044594 2022] [mpm_winnt:notice] [pid 700:tid 592] AH00354: Child: Starting 150 worker threads.
[Fri Mar 25 12:33:45.336056 2022] [mpm_winnt:notice] [pid 17696:tid 712] AH00422: Parent: Received shutdown signal -- Shutting down the server.
[Fri Mar 25 12:33:47.355257 2022] [mpm_winnt:notice] [pid 700:tid 592] AH00364: Child: All worker threads have exited.
[Fri Mar 25 12:33:47.407704 2022] [mpm_winnt:notice] [pid 17696:tid 712] AH00430: Parent: Child process 700 exited successfully.
[Fri Mar 25 12:34:05.827026 2022] [ssl:warn] [pid 8544:tid 660] AH01909: www.example.com:443:0 server certificate does NOT include an ID which matches the server name
[Fri Mar 25 12:34:05.878159 2022] [ssl:warn] [pid 8544:tid 660] AH01909: www.example.com:443:0 server certificate does NOT include an ID which matches the server name
[Fri Mar 25 12:34:05.896178 2022] [mpm_winnt:notice] [pid 8544:tid 660] AH00455: Apache/2.4.52 (Win64) OpenSSL/1.1.1m PHP/8.0.17 configured -- resuming normal operations
[Fri Mar 25 12:34:05.896178 2022] [mpm_winnt:notice] [pid 8544:tid 660] AH00456: Apache Lounge VS16 Server built: Dec 17 2021 10:17:38
[Fri Mar 25 12:34:05.896178 2022] [core:notice] [pid 8544:tid 660] AH00094: Command line: 'C:\\xampp\\apache\\bin\\httpd.exe -d C:/xampp/apache'
[Fri Mar 25 12:34:05.989829 2022] [mpm_winnt:notice] [pid 8544:tid 660] AH00418: Parent: Created child process 15388
[Fri Mar 25 12:34:06.449695 2022] [ssl:warn] [pid 15388:tid 596] AH01909: www.example.com:443:0 server certificate does NOT include an ID which matches the server name
[Fri Mar 25 12:34:06.582344 2022] [ssl:warn] [pid 15388:tid 596] AH01909: www.example.com:443:0 server certificate does NOT include an ID which matches the server name
[Fri Mar 25 12:34:06.603534 2022] [mpm_winnt:notice] [pid 15388:tid 596] AH00354: Child: Starting 150 worker threads.
[Fri Mar 25 12:46:26.024901 2022] [php:warn] [pid 15388:tid 1860] [client ::1:59885] PHP Warning:  Undefined variable $body in C:\\xampp\\htdocs\\bizsoft_project\\trialRequest.php on line 100, referer: http://localhost/bizsoft_project/ContactUs.php
[Fri Mar 25 12:46:38.115199 2022] [php:warn] [pid 15388:tid 1860] [client ::1:59886] PHP Warning:  Undefined variable $body in C:\\xampp\\htdocs\\bizsoft_project\\trialRequest.php on line 100, referer: http://localhost/bizsoft_project/trialRequest.php
[Fri Mar 25 12:54:37.137650 2022] [php:warn] [pid 15388:tid 1860] [client ::1:54556] PHP Warning:  Undefined variable $body in C:\\xampp\\htdocs\\bizsoft_project\\trialRequest.php on line 100, referer: http://localhost/bizsoft_project/trialRequest.php
[Fri Mar 25 12:54:50.797128 2022] [php:warn] [pid 15388:tid 1860] [client ::1:54561] PHP Warning:  Undefined variable $body in C:\\xampp\\htdocs\\bizsoft_project\\trialRequest.php on line 100, referer: http://localhost/bizsoft_project/trialRequest.php
[Fri Mar 25 12:56:01.541465 2022] [php:warn] [pid 15388:tid 1860] [client ::1:54565] PHP Warning:  Undefined variable $emailinfo in C:\\xampp\\htdocs\\bizsoft_project\\trialRequest.php on line 69, referer: http://localhost/bizsoft_project/ContactUs.php
[Fri Mar 25 12:56:01.542062 2022] [php:warn] [pid 15388:tid 1860] [client ::1:54565] PHP Warning:  Undefined variable $emailinfo in C:\\xampp\\htdocs\\bizsoft_project\\trialRequest.php on line 71, referer: http://localhost/bizsoft_project/ContactUs.php
[Fri Mar 25 12:56:01.542062 2022] [php:warn] [pid 15388:tid 1860] [client ::1:54565] PHP Warning:  Undefined variable $body in C:\\xampp\\htdocs\\bizsoft_project\\trialRequest.php on line 84, referer: http://localhost/bizsoft_project/ContactUs.php
[Fri Mar 25 12:56:19.625274 2022] [php:error] [pid 15388:tid 1860] [client ::1:54567] PHP Parse error:  syntax error, unexpected identifier "Content" in C:\\xampp\\htdocs\\bizsoft_project\\trial.php on line 47, referer: http://localhost/bizsoft_project/trialRequest.php
[Fri Mar 25 12:59:53.122585 2022] [php:warn] [pid 15388:tid 1860] [client ::1:54583] PHP Warning:  Undefined variable $emailinfo in C:\\xampp\\htdocs\\bizsoft_project\\trialRequest.php on line 69, referer: http://localhost/bizsoft_project/trialRequest.php
[Fri Mar 25 12:59:53.122585 2022] [php:warn] [pid 15388:tid 1860] [client ::1:54583] PHP Warning:  Undefined variable $emailinfo in C:\\xampp\\htdocs\\bizsoft_project\\trialRequest.php on line 71, referer: http://localhost/bizsoft_project/trialRequest.php
[Fri Mar 25 12:59:53.123582 2022] [php:warn] [pid 15388:tid 1860] [client ::1:54583] PHP Warning:  Undefined variable $body in C:\\xampp\\htdocs\\bizsoft_project\\trialRequest.php on line 84, referer: http://localhost/bizsoft_project/trialRequest.php
[Fri Mar 25 12:59:55.129428 2022] [php:warn] [pid 15388:tid 1860] [client ::1:54583] PHP Warning:  Undefined variable $emailinfo in C:\\xampp\\htdocs\\bizsoft_project\\trialRequest.php on line 69, referer: http://localhost/bizsoft_project/trialRequest.php
[Fri Mar 25 12:59:55.129428 2022] [php:warn] [pid 15388:tid 1860] [client ::1:54583] PHP Warning:  Undefined variable $emailinfo in C:\\xampp\\htdocs\\bizsoft_project\\trialRequest.php on line 71, referer: http://localhost/bizsoft_project/trialRequest.php
[Fri Mar 25 12:59:55.129428 2022] [php:warn] [pid 15388:tid 1860] [client ::1:54583] PHP Warning:  Undefined variable $body in C:\\xampp\\htdocs\\bizsoft_project\\trialRequest.php on line 84, referer: http://localhost/bizsoft_project/trialRequest.php
[Fri Mar 25 12:59:56.220532 2022] [php:warn] [pid 15388:tid 1860] [client ::1:54583] PHP Warning:  Undefined variable $emailinfo in C:\\xampp\\htdocs\\bizsoft_project\\trialRequest.php on line 69, referer: http://localhost/bizsoft_project/trialRequest.php
[Fri Mar 25 12:59:56.220532 2022] [php:warn] [pid 15388:tid 1860] [client ::1:54583] PHP Warning:  Undefined variable $emailinfo in C:\\xampp\\htdocs\\bizsoft_project\\trialRequest.php on line 71, referer: http://localhost/bizsoft_project/trialRequest.php
[Fri Mar 25 12:59:56.220532 2022] [php:warn] [pid 15388:tid 1860] [client ::1:54583] PHP Warning:  Undefined variable $body in C:\\xampp\\htdocs\\bizsoft_project\\trialRequest.php on line 84, referer: http://localhost/bizsoft_project/trialRequest.php
[Fri Mar 25 14:55:34.143811 2022] [php:warn] [pid 15388:tid 1848] [client ::1:64981] PHP Warning:  Undefined variable $page in C:\\xampp\\htdocs\\bizsoft_project\\index.php on line 27
[Fri Mar 25 14:55:34.165754 2022] [php:warn] [pid 15388:tid 1848] [client ::1:64981] PHP Warning:  Undefined variable $page in C:\\xampp\\htdocs\\bizsoft_project\\index.php on line 30
[Fri Mar 25 14:55:34.166751 2022] [php:warn] [pid 15388:tid 1848] [client ::1:64981] PHP Warning:  Undefined variable $page in C:\\xampp\\htdocs\\bizsoft_project\\index.php on line 33
[Fri Mar 25 14:55:34.166751 2022] [php:warn] [pid 15388:tid 1848] [client ::1:64981] PHP Warning:  Undefined variable $page in C:\\xampp\\htdocs\\bizsoft_project\\index.php on line 41
[Fri Mar 25 14:55:34.166751 2022] [php:warn] [pid 15388:tid 1848] [client ::1:64981] PHP Warning:  Undefined variable $page in C:\\xampp\\htdocs\\bizsoft_project\\index.php on line 43
[Fri Mar 25 14:55:34.166751 2022] [php:warn] [pid 15388:tid 1848] [client ::1:64981] PHP Warning:  Undefined variable $page in C:\\xampp\\htdocs\\bizsoft_project\\index.php on line 51
[Fri Mar 25 14:55:34.166751 2022] [php:warn] [pid 15388:tid 1848] [client ::1:64981] PHP Warning:  Undefined variable $page in C:\\xampp\\htdocs\\bizsoft_project\\index.php on line 53
[Fri Mar 25 14:55:34.166751 2022] [php:warn] [pid 15388:tid 1848] [client ::1:64981] PHP Warning:  Undefined variable $page in C:\\xampp\\htdocs\\bizsoft_project\\index.php on line 56
[Fri Mar 25 14:55:45.140188 2022] [php:warn] [pid 15388:tid 1848] [client ::1:64982] PHP Warning:  Undefined variable $page in C:\\xampp\\htdocs\\bizsoft_project\\index.php on line 27, referer: http://localhost/bizsoft_project/cloudsense.php
[Fri Mar 25 14:55:45.140188 2022] [php:warn] [pid 15388:tid 1848] [client ::1:64982] PHP Warning:  Undefined variable $page in C:\\xampp\\htdocs\\bizsoft_project\\index.php on line 30, referer: http://localhost/bizsoft_project/cloudsense.php
[Fri Mar 25 14:55:45.140188 2022] [php:warn] [pid 15388:tid 1848] [client ::1:64982] PHP Warning:  Undefined variable $page in C:\\xampp\\htdocs\\bizsoft_project\\index.php on line 33, referer: http://localhost/bizsoft_project/cloudsense.php
[Fri Mar 25 14:55:45.140188 2022] [php:warn] [pid 15388:tid 1848] [client ::1:64982] PHP Warning:  Undefined variable $page in C:\\xampp\\htdocs\\bizsoft_project\\index.php on line 41, referer: http://localhost/bizsoft_project/cloudsense.php
[Fri Mar 25 14:55:45.140188 2022] [php:warn] [pid 15388:tid 1848] [client ::1:64982] PHP Warning:  Undefined variable $page in C:\\xampp\\htdocs\\bizsoft_project\\index.php on line 43, referer: http://localhost/bizsoft_project/cloudsense.php
[Fri Mar 25 14:55:45.140188 2022] [php:warn] [pid 15388:tid 1848] [client ::1:64982] PHP Warning:  Undefined variable $page in C:\\xampp\\htdocs\\bizsoft_project\\index.php on line 51, referer: http://localhost/bizsoft_project/cloudsense.php
[Fri Mar 25 14:55:45.140188 2022] [php:warn] [pid 15388:tid 1848] [client ::1:64982] PHP Warning:  Undefined variable $page in C:\\xampp\\htdocs\\bizsoft_project\\index.php on line 53, referer: http://localhost/bizsoft_project/cloudsense.php
[Fri Mar 25 14:55:45.141187 2022] [php:warn] [pid 15388:tid 1848] [client ::1:64982] PHP Warning:  Undefined variable $page in C:\\xampp\\htdocs\\bizsoft_project\\index.php on line 56, referer: http://localhost/bizsoft_project/cloudsense.php
[Fri Mar 25 15:10:40.738033 2022] [php:warn] [pid 15388:tid 1848] [client ::1:65129] PHP Warning:  Undefined variable $page in C:\\xampp\\htdocs\\bizsoft_project\\indexCopy.php on line 27
[Fri Mar 25 15:10:40.738033 2022] [php:warn] [pid 15388:tid 1848] [client ::1:65129] PHP Warning:  Undefined variable $page in C:\\xampp\\htdocs\\bizsoft_project\\indexCopy.php on line 30
[Fri Mar 25 15:10:40.738033 2022] [php:warn] [pid 15388:tid 1848] [client ::1:65129] PHP Warning:  Undefined variable $page in C:\\xampp\\htdocs\\bizsoft_project\\indexCopy.php on line 33
[Fri Mar 25 15:10:40.738033 2022] [php:warn] [pid 15388:tid 1848] [client ::1:65129] PHP Warning:  Undefined variable $page in C:\\xampp\\htdocs\\bizsoft_project\\indexCopy.php on line 41
[Fri Mar 25 15:10:40.738033 2022] [php:warn] [pid 15388:tid 1848] [client ::1:65129] PHP Warning:  Undefined variable $page in C:\\xampp\\htdocs\\bizsoft_project\\indexCopy.php on line 43
[Fri Mar 25 15:10:40.738033 2022] [php:warn] [pid 15388:tid 1848] [client ::1:65129] PHP Warning:  Undefined variable $page in C:\\xampp\\htdocs\\bizsoft_project\\indexCopy.php on line 51
[Fri Mar 25 15:10:40.738033 2022] [php:warn] [pid 15388:tid 1848] [client ::1:65129] PHP Warning:  Undefined variable $page in C:\\xampp\\htdocs\\bizsoft_project\\indexCopy.php on line 53
[Fri Mar 25 15:10:40.738033 2022] [php:warn] [pid 15388:tid 1848] [client ::1:65129] PHP Warning:  Undefined variable $page in C:\\xampp\\htdocs\\bizsoft_project\\indexCopy.php on line 56
[Fri Mar 25 15:11:51.596452 2022] [php:warn] [pid 15388:tid 1848] [client ::1:65133] PHP Warning:  Undefined variable $page in C:\\xampp\\htdocs\\bizsoft_project\\includes\\header.php on line 27
[Fri Mar 25 15:11:51.596452 2022] [php:warn] [pid 15388:tid 1848] [client ::1:65133] PHP Warning:  Undefined variable $page in C:\\xampp\\htdocs\\bizsoft_project\\includes\\header.php on line 30
[Fri Mar 25 15:11:51.596452 2022] [php:warn] [pid 15388:tid 1848] [client ::1:65133] PHP Warning:  Undefined variable $page in C:\\xampp\\htdocs\\bizsoft_project\\includes\\header.php on line 33
[Fri Mar 25 15:11:51.597453 2022] [php:warn] [pid 15388:tid 1848] [client ::1:65133] PHP Warning:  Undefined variable $page in C:\\xampp\\htdocs\\bizsoft_project\\includes\\header.php on line 41
[Fri Mar 25 15:11:51.597453 2022] [php:warn] [pid 15388:tid 1848] [client ::1:65133] PHP Warning:  Undefined variable $page in C:\\xampp\\htdocs\\bizsoft_project\\includes\\header.php on line 43
[Fri Mar 25 15:11:51.597453 2022] [php:warn] [pid 15388:tid 1848] [client ::1:65133] PHP Warning:  Undefined variable $page in C:\\xampp\\htdocs\\bizsoft_project\\includes\\header.php on line 51
[Fri Mar 25 15:11:51.597453 2022] [php:warn] [pid 15388:tid 1848] [client ::1:65133] PHP Warning:  Undefined variable $page in C:\\xampp\\htdocs\\bizsoft_project\\includes\\header.php on line 53
[Fri Mar 25 15:11:51.597453 2022] [php:warn] [pid 15388:tid 1848] [client ::1:65133] PHP Warning:  Undefined variable $page in C:\\xampp\\htdocs\\bizsoft_project\\includes\\header.php on line 56
[Fri Mar 25 15:12:45.532338 2022] [php:warn] [pid 15388:tid 1848] [client ::1:65136] PHP Warning:  Undefined variable $page in C:\\xampp\\htdocs\\bizsoft_project\\includes\\header.php on line 27
[Fri Mar 25 15:12:45.532338 2022] [php:warn] [pid 15388:tid 1848] [client ::1:65136] PHP Warning:  Undefined variable $page in C:\\xampp\\htdocs\\bizsoft_project\\includes\\header.php on line 30
[Fri Mar 25 15:12:45.532338 2022] [php:warn] [pid 15388:tid 1848] [client ::1:65136] PHP Warning:  Undefined variable $page in C:\\xampp\\htdocs\\bizsoft_project\\includes\\header.php on line 33
[Fri Mar 25 15:12:45.532338 2022] [php:warn] [pid 15388:tid 1848] [client ::1:65136] PHP Warning:  Undefined variable $page in C:\\xampp\\htdocs\\bizsoft_project\\includes\\header.php on line 41
[Fri Mar 25 15:12:45.533345 2022] [php:warn] [pid 15388:tid 1848] [client ::1:65136] PHP Warning:  Undefined variable $page in C:\\xampp\\htdocs\\bizsoft_project\\includes\\header.php on line 43
[Fri Mar 25 15:12:45.533345 2022] [php:warn] [pid 15388:tid 1848] [client ::1:65136] PHP Warning:  Undefined variable $page in C:\\xampp\\htdocs\\bizsoft_project\\includes\\header.php on line 51
[Fri Mar 25 15:12:45.533345 2022] [php:warn] [pid 15388:tid 1848] [client ::1:65136] PHP Warning:  Undefined variable $page in C:\\xampp\\htdocs\\bizsoft_project\\includes\\header.php on line 53
[Fri Mar 25 15:12:45.533345 2022] [php:warn] [pid 15388:tid 1848] [client ::1:65136] PHP Warning:  Undefined variable $page in C:\\xampp\\htdocs\\bizsoft_project\\includes\\header.php on line 56
[Fri Mar 25 15:13:32.654732 2022] [php:warn] [pid 15388:tid 1848] [client ::1:65143] PHP Warning:  Undefined variable $page in C:\\xampp\\htdocs\\bizsoft_project\\index.php on line 27, referer: http://localhost/bizsoft_project/cloudsense.php
[Fri Mar 25 15:13:32.655727 2022] [php:warn] [pid 15388:tid 1848] [client ::1:65143] PHP Warning:  Undefined variable $page in C:\\xampp\\htdocs\\bizsoft_project\\index.php on line 30, referer: http://localhost/bizsoft_project/cloudsense.php
[Fri Mar 25 15:13:32.655727 2022] [php:warn] [pid 15388:tid 1848] [client ::1:65143] PHP Warning:  Undefined variable $page in C:\\xampp\\htdocs\\bizsoft_project\\index.php on line 33, referer: http://localhost/bizsoft_project/cloudsense.php
[Fri Mar 25 15:13:32.655727 2022] [php:warn] [pid 15388:tid 1848] [client ::1:65143] PHP Warning:  Undefined variable $page in C:\\xampp\\htdocs\\bizsoft_project\\index.php on line 41, referer: http://localhost/bizsoft_project/cloudsense.php
[Fri Mar 25 15:13:32.655727 2022] [php:warn] [pid 15388:tid 1848] [client ::1:65143] PHP Warning:  Undefined variable $page in C:\\xampp\\htdocs\\bizsoft_project\\index.php on line 43, referer: http://localhost/bizsoft_project/cloudsense.php
[Fri Mar 25 15:13:32.655727 2022] [php:warn] [pid 15388:tid 1848] [client ::1:65143] PHP Warning:  Undefined variable $page in C:\\xampp\\htdocs\\bizsoft_project\\index.php on line 51, referer: http://localhost/bizsoft_project/cloudsense.php
[Fri Mar 25 15:13:32.655727 2022] [php:warn] [pid 15388:tid 1848] [client ::1:65143] PHP Warning:  Undefined variable $page in C:\\xampp\\htdocs\\bizsoft_project\\index.php on line 53, referer: http://localhost/bizsoft_project/cloudsense.php
[Fri Mar 25 15:13:32.656726 2022] [php:warn] [pid 15388:tid 1848] [client ::1:65143] PHP Warning:  Undefined variable $page in C:\\xampp\\htdocs\\bizsoft_project\\index.php on line 56, referer: http://localhost/bizsoft_project/cloudsense.php
[Fri Mar 25 15:33:18.210354 2022] [mpm_winnt:notice] [pid 8544:tid 660] AH00422: Parent: Received shutdown signal -- Shutting down the server.
[Fri Mar 25 15:33:20.301837 2022] [mpm_winnt:notice] [pid 15388:tid 596] AH00364: Child: All worker threads have exited.
[Fri Mar 25 15:33:20.938099 2022] [mpm_winnt:notice] [pid 8544:tid 660] AH00430: Parent: Child process 15388 exited successfully.
[Fri Mar 25 15:33:56.913311 2022] [ssl:warn] [pid 12264:tid 660] AH01909: www.example.com:443:0 server certificate does NOT include an ID which matches the server name
[Fri Mar 25 15:33:57.079770 2022] [ssl:warn] [pid 12264:tid 660] AH01909: www.example.com:443:0 server certificate does NOT include an ID which matches the server name
[Fri Mar 25 15:33:57.132380 2022] [mpm_winnt:notice] [pid 12264:tid 660] AH00455: Apache/2.4.52 (Win64) OpenSSL/1.1.1m PHP/8.0.17 configured -- resuming normal operations
[Fri Mar 25 15:33:57.132380 2022] [mpm_winnt:notice] [pid 12264:tid 660] AH00456: Apache Lounge VS16 Server built: Dec 17 2021 10:17:38
[Fri Mar 25 15:33:57.132380 2022] [core:notice] [pid 12264:tid 660] AH00094: Command line: 'C:\\xampp\\apache\\bin\\httpd.exe -d C:/xampp/apache'
[Fri Mar 25 15:33:57.868853 2022] [mpm_winnt:notice] [pid 12264:tid 660] AH00418: Parent: Created child process 22400
[Fri Mar 25 15:33:58.291204 2022] [ssl:warn] [pid 22400:tid 540] AH01909: www.example.com:443:0 server certificate does NOT include an ID which matches the server name
[Fri Mar 25 15:33:58.351970 2022] [ssl:warn] [pid 22400:tid 540] AH01909: www.example.com:443:0 server certificate does NOT include an ID which matches the server name
[Fri Mar 25 15:33:58.373624 2022] [mpm_winnt:notice] [pid 22400:tid 540] AH00354: Child: Starting 150 worker threads.
[Fri Mar 25 15:40:45.776261 2022] [php:warn] [pid 22400:tid 1856] [client ::1:60334] PHP Warning:  Undefined variable $page in C:\\xampp\\htdocs\\bizsoft_project\\includes\\header.php on line 27
[Fri Mar 25 15:40:45.776261 2022] [php:warn] [pid 22400:tid 1856] [client ::1:60334] PHP Warning:  Undefined variable $page in C:\\xampp\\htdocs\\bizsoft_project\\includes\\header.php on line 30
[Fri Mar 25 15:40:45.776261 2022] [php:warn] [pid 22400:tid 1856] [client ::1:60334] PHP Warning:  Undefined variable $page in C:\\xampp\\htdocs\\bizsoft_project\\includes\\header.php on line 33
[Fri Mar 25 15:40:45.776261 2022] [php:warn] [pid 22400:tid 1856] [client ::1:60334] PHP Warning:  Undefined variable $page in C:\\xampp\\htdocs\\bizsoft_project\\includes\\header.php on line 41
[Fri Mar 25 15:40:45.776261 2022] [php:warn] [pid 22400:tid 1856] [client ::1:60334] PHP Warning:  Undefined variable $page in C:\\xampp\\htdocs\\bizsoft_project\\includes\\header.php on line 43
[Fri Mar 25 15:40:45.776261 2022] [php:warn] [pid 22400:tid 1856] [client ::1:60334] PHP Warning:  Undefined variable $page in C:\\xampp\\htdocs\\bizsoft_project\\includes\\header.php on line 51
[Fri Mar 25 15:40:45.776261 2022] [php:warn] [pid 22400:tid 1856] [client ::1:60334] PHP Warning:  Undefined variable $page in C:\\xampp\\htdocs\\bizsoft_project\\includes\\header.php on line 53
[Fri Mar 25 15:40:45.776261 2022] [php:warn] [pid 22400:tid 1856] [client ::1:60334] PHP Warning:  Undefined variable $page in C:\\xampp\\htdocs\\bizsoft_project\\includes\\header.php on line 56
[Fri Mar 25 15:41:15.676465 2022] [php:warn] [pid 22400:tid 1852] [client ::1:60343] PHP Warning:  Undefined variable $page in C:\\xampp\\htdocs\\bizsoft_project\\includes\\header.php on line 27
[Fri Mar 25 15:41:15.676465 2022] [php:warn] [pid 22400:tid 1852] [client ::1:60343] PHP Warning:  Undefined variable $page in C:\\xampp\\htdocs\\bizsoft_project\\includes\\header.php on line 30
[Fri Mar 25 15:41:15.676465 2022] [php:warn] [pid 22400:tid 1852] [client ::1:60343] PHP Warning:  Undefined variable $page in C:\\xampp\\htdocs\\bizsoft_project\\includes\\header.php on line 33
[Fri Mar 25 15:41:15.676465 2022] [php:warn] [pid 22400:tid 1852] [client ::1:60343] PHP Warning:  Undefined variable $page in C:\\xampp\\htdocs\\bizsoft_project\\includes\\header.php on line 41
[Fri Mar 25 15:41:15.677463 2022] [php:warn] [pid 22400:tid 1852] [client ::1:60343] PHP Warning:  Undefined variable $page in C:\\xampp\\htdocs\\bizsoft_project\\includes\\header.php on line 43
[Fri Mar 25 15:41:15.677463 2022] [php:warn] [pid 22400:tid 1852] [client ::1:60343] PHP Warning:  Undefined variable $page in C:\\xampp\\htdocs\\bizsoft_project\\includes\\header.php on line 51
[Fri Mar 25 15:41:15.677463 2022] [php:warn] [pid 22400:tid 1852] [client ::1:60343] PHP Warning:  Undefined variable $page in C:\\xampp\\htdocs\\bizsoft_project\\includes\\header.php on line 53
[Fri Mar 25 15:41:15.677463 2022] [php:warn] [pid 22400:tid 1852] [client ::1:60343] PHP Warning:  Undefined variable $page in C:\\xampp\\htdocs\\bizsoft_project\\includes\\header.php on line 56
[Fri Mar 25 15:41:30.577952 2022] [php:warn] [pid 22400:tid 1852] [client ::1:60347] PHP Warning:  Undefined variable $emailinfo in C:\\xampp\\htdocs\\bizsoft_project\\trialRequest.php on line 69, referer: http://localhost/bizsoft_project/aboutUs.php
[Fri Mar 25 15:41:30.577952 2022] [php:warn] [pid 22400:tid 1852] [client ::1:60347] PHP Warning:  Undefined variable $emailinfo in C:\\xampp\\htdocs\\bizsoft_project\\trialRequest.php on line 71, referer: http://localhost/bizsoft_project/aboutUs.php
[Fri Mar 25 15:41:30.577952 2022] [php:warn] [pid 22400:tid 1852] [client ::1:60347] PHP Warning:  Undefined variable $body in C:\\xampp\\htdocs\\bizsoft_project\\trialRequest.php on line 84, referer: http://localhost/bizsoft_project/aboutUs.php
[Fri Mar 25 15:42:08.076309 2022] [php:warn] [pid 22400:tid 1840] [client ::1:60352] PHP Warning:  Undefined variable $emailinfo in C:\\xampp\\htdocs\\bizsoft_project\\trialRequest.php on line 69, referer: http://localhost/bizsoft_project/aboutUs.php
[Fri Mar 25 15:42:08.076309 2022] [php:warn] [pid 22400:tid 1840] [client ::1:60352] PHP Warning:  Undefined variable $emailinfo in C:\\xampp\\htdocs\\bizsoft_project\\trialRequest.php on line 71, referer: http://localhost/bizsoft_project/aboutUs.php
[Fri Mar 25 15:42:08.076309 2022] [php:warn] [pid 22400:tid 1840] [client ::1:60352] PHP Warning:  Undefined variable $body in C:\\xampp\\htdocs\\bizsoft_project\\trialRequest.php on line 84, referer: http://localhost/bizsoft_project/aboutUs.php
[Fri Mar 25 15:46:16.824727 2022] [php:warn] [pid 22400:tid 1840] [client ::1:60392] PHP Warning:  Undefined variable $page in C:\\xampp\\htdocs\\bizsoft_project\\index.php on line 27, referer: http://localhost/bizsoft_project/aboutUs.php
[Fri Mar 25 15:46:16.824727 2022] [php:warn] [pid 22400:tid 1840] [client ::1:60392] PHP Warning:  Undefined variable $page in C:\\xampp\\htdocs\\bizsoft_project\\index.php on line 30, referer: http://localhost/bizsoft_project/aboutUs.php
[Fri Mar 25 15:46:16.824727 2022] [php:warn] [pid 22400:tid 1840] [client ::1:60392] PHP Warning:  Undefined variable $page in C:\\xampp\\htdocs\\bizsoft_project\\index.php on line 33, referer: http://localhost/bizsoft_project/aboutUs.php
[Fri Mar 25 15:46:16.824727 2022] [php:warn] [pid 22400:tid 1840] [client ::1:60392] PHP Warning:  Undefined variable $page in C:\\xampp\\htdocs\\bizsoft_project\\index.php on line 41, referer: http://localhost/bizsoft_project/aboutUs.php
[Fri Mar 25 15:46:16.825727 2022] [php:warn] [pid 22400:tid 1840] [client ::1:60392] PHP Warning:  Undefined variable $page in C:\\xampp\\htdocs\\bizsoft_project\\index.php on line 43, referer: http://localhost/bizsoft_project/aboutUs.php
[Fri Mar 25 15:46:16.825727 2022] [php:warn] [pid 22400:tid 1840] [client ::1:60392] PHP Warning:  Undefined variable $page in C:\\xampp\\htdocs\\bizsoft_project\\index.php on line 51, referer: http://localhost/bizsoft_project/aboutUs.php
[Fri Mar 25 15:46:16.825727 2022] [php:warn] [pid 22400:tid 1840] [client ::1:60392] PHP Warning:  Undefined variable $page in C:\\xampp\\htdocs\\bizsoft_project\\index.php on line 53, referer: http://localhost/bizsoft_project/aboutUs.php
[Fri Mar 25 15:46:16.825727 2022] [php:warn] [pid 22400:tid 1840] [client ::1:60392] PHP Warning:  Undefined variable $page in C:\\xampp\\htdocs\\bizsoft_project\\index.php on line 56, referer: http://localhost/bizsoft_project/aboutUs.php
[Fri Mar 25 15:46:30.255882 2022] [php:warn] [pid 22400:tid 1840] [client ::1:60396] PHP Warning:  Undefined variable $page in C:\\xampp\\htdocs\\bizsoft_project\\index.php on line 27, referer: http://localhost/bizsoft_project/cloudsense.php
[Fri Mar 25 15:46:30.255882 2022] [php:warn] [pid 22400:tid 1840] [client ::1:60396] PHP Warning:  Undefined variable $page in C:\\xampp\\htdocs\\bizsoft_project\\index.php on line 30, referer: http://localhost/bizsoft_project/cloudsense.php
[Fri Mar 25 15:46:30.255882 2022] [php:warn] [pid 22400:tid 1840] [client ::1:60396] PHP Warning:  Undefined variable $page in C:\\xampp\\htdocs\\bizsoft_project\\index.php on line 33, referer: http://localhost/bizsoft_project/cloudsense.php
[Fri Mar 25 15:46:30.256879 2022] [php:warn] [pid 22400:tid 1840] [client ::1:60396] PHP Warning:  Undefined variable $page in C:\\xampp\\htdocs\\bizsoft_project\\index.php on line 41, referer: http://localhost/bizsoft_project/cloudsense.php
[Fri Mar 25 15:46:30.256879 2022] [php:warn] [pid 22400:tid 1840] [client ::1:60396] PHP Warning:  Undefined variable $page in C:\\xampp\\htdocs\\bizsoft_project\\index.php on line 43, referer: http://localhost/bizsoft_project/cloudsense.php
[Fri Mar 25 15:46:30.256879 2022] [php:warn] [pid 22400:tid 1840] [client ::1:60396] PHP Warning:  Undefined variable $page in C:\\xampp\\htdocs\\bizsoft_project\\index.php on line 51, referer: http://localhost/bizsoft_project/cloudsense.php
[Fri Mar 25 15:46:30.256879 2022] [php:warn] [pid 22400:tid 1840] [client ::1:60396] PHP Warning:  Undefined variable $page in C:\\xampp\\htdocs\\bizsoft_project\\index.php on line 53, referer: http://localhost/bizsoft_project/cloudsense.php
[Fri Mar 25 15:46:30.256879 2022] [php:warn] [pid 22400:tid 1840] [client ::1:60396] PHP Warning:  Undefined variable $page in C:\\xampp\\htdocs\\bizsoft_project\\index.php on line 56, referer: http://localhost/bizsoft_project/cloudsense.php
[Fri Mar 25 15:50:19.334908 2022] [mpm_winnt:notice] [pid 12264:tid 660] AH00422: Parent: Received shutdown signal -- Shutting down the server.
[Fri Mar 25 15:50:21.348892 2022] [mpm_winnt:notice] [pid 22400:tid 540] AH00364: Child: All worker threads have exited.
[Fri Mar 25 15:50:21.400204 2022] [mpm_winnt:notice] [pid 12264:tid 660] AH00430: Parent: Child process 22400 exited successfully.
[Sun Mar 27 11:43:42.346925 2022] [ssl:warn] [pid 4316:tid 656] AH01909: www.example.com:443:0 server certificate does NOT include an ID which matches the server name
[Sun Mar 27 11:43:42.706582 2022] [ssl:warn] [pid 4316:tid 656] AH01909: www.example.com:443:0 server certificate does NOT include an ID which matches the server name
[Sun Mar 27 11:43:51.115274 2022] [mpm_winnt:notice] [pid 4316:tid 656] AH00455: Apache/2.4.52 (Win64) OpenSSL/1.1.1m PHP/8.0.17 configured -- resuming normal operations
[Sun Mar 27 11:43:51.115274 2022] [mpm_winnt:notice] [pid 4316:tid 656] AH00456: Apache Lounge VS16 Server built: Dec 17 2021 10:17:38
[Sun Mar 27 11:43:51.115274 2022] [core:notice] [pid 4316:tid 656] AH00094: Command line: 'C:\\xampp\\apache\\bin\\httpd.exe -d C:/xampp/apache'
[Sun Mar 27 11:43:51.115274 2022] [mpm_winnt:notice] [pid 4316:tid 656] AH00418: Parent: Created child process 6380
[Sun Mar 27 11:43:51.802609 2022] [ssl:warn] [pid 6380:tid 388] AH01909: www.example.com:443:0 server certificate does NOT include an ID which matches the server name
[Sun Mar 27 11:43:52.005691 2022] [ssl:warn] [pid 6380:tid 388] AH01909: www.example.com:443:0 server certificate does NOT include an ID which matches the server name
[Sun Mar 27 11:43:52.083792 2022] [mpm_winnt:notice] [pid 6380:tid 388] AH00354: Child: Starting 150 worker threads.
[Tue Mar 29 10:31:15.550317 2022] [mpm_winnt:notice] [pid 4316:tid 656] AH00422: Parent: Received shutdown signal -- Shutting down the server.
[Tue Mar 29 10:31:20.815547 2022] [mpm_winnt:notice] [pid 6380:tid 388] AH00364: Child: All worker threads have exited.
[Tue Mar 29 10:31:21.809961 2022] [mpm_winnt:notice] [pid 4316:tid 656] AH00430: Parent: Child process 6380 exited successfully.
[Tue Mar 29 11:13:21.885156 2022] [ssl:warn] [pid 21388:tid 700] AH01909: www.example.com:443:0 server certificate does NOT include an ID which matches the server name
[Tue Mar 29 11:13:21.984460 2022] [ssl:warn] [pid 21388:tid 700] AH01909: www.example.com:443:0 server certificate does NOT include an ID which matches the server name
[Tue Mar 29 11:13:22.384638 2022] [mpm_winnt:notice] [pid 21388:tid 700] AH00455: Apache/2.4.52 (Win64) OpenSSL/1.1.1m PHP/8.0.17 configured -- resuming normal operations
[Tue Mar 29 11:13:22.384638 2022] [mpm_winnt:notice] [pid 21388:tid 700] AH00456: Apache Lounge VS16 Server built: Dec 17 2021 10:17:38
[Tue Mar 29 11:13:22.384638 2022] [core:notice] [pid 21388:tid 700] AH00094: Command line: 'C:\\xampp\\apache\\bin\\httpd.exe -d C:/xampp/apache'
[Tue Mar 29 11:13:22.384638 2022] [mpm_winnt:notice] [pid 21388:tid 700] AH00418: Parent: Created child process 18052
[Tue Mar 29 11:13:22.717442 2022] [ssl:warn] [pid 18052:tid 584] AH01909: www.example.com:443:0 server certificate does NOT include an ID which matches the server name
[Tue Mar 29 11:13:22.827808 2022] [ssl:warn] [pid 18052:tid 584] AH01909: www.example.com:443:0 server certificate does NOT include an ID which matches the server name
[Tue Mar 29 11:13:22.853891 2022] [mpm_winnt:notice] [pid 18052:tid 584] AH00354: Child: Starting 150 worker threads.
[Tue Mar 29 12:10:27.434375 2022] [php:error] [pid 18052:tid 1828] [client ::1:57971] script 'C:/xampp/htdocs/Sign_Up_LogIn_Sign_Out/index.php' not found or unable to stat
[Thu Mar 31 09:34:47.007415 2022] [php:warn] [pid 18052:tid 1828] [client ::1:51910] PHP Warning:  Undefined variable $page in C:\\xampp\\htdocs\\bizsoft_project\\index.php on line 27
[Thu Mar 31 09:34:48.347960 2022] [php:warn] [pid 18052:tid 1828] [client ::1:51910] PHP Warning:  Undefined variable $page in C:\\xampp\\htdocs\\bizsoft_project\\index.php on line 30
[Thu Mar 31 09:34:48.347960 2022] [php:warn] [pid 18052:tid 1828] [client ::1:51910] PHP Warning:  Undefined variable $page in C:\\xampp\\htdocs\\bizsoft_project\\index.php on line 33
[Thu Mar 31 09:34:48.347960 2022] [php:warn] [pid 18052:tid 1828] [client ::1:51910] PHP Warning:  Undefined variable $page in C:\\xampp\\htdocs\\bizsoft_project\\index.php on line 41
[Thu Mar 31 09:34:48.347960 2022] [php:warn] [pid 18052:tid 1828] [client ::1:51910] PHP Warning:  Undefined variable $page in C:\\xampp\\htdocs\\bizsoft_project\\index.php on line 43
[Thu Mar 31 09:34:48.347960 2022] [php:warn] [pid 18052:tid 1828] [client ::1:51910] PHP Warning:  Undefined variable $page in C:\\xampp\\htdocs\\bizsoft_project\\index.php on line 51
[Thu Mar 31 09:34:48.347960 2022] [php:warn] [pid 18052:tid 1828] [client ::1:51910] PHP Warning:  Undefined variable $page in C:\\xampp\\htdocs\\bizsoft_project\\index.php on line 53
[Thu Mar 31 09:34:48.347960 2022] [php:warn] [pid 18052:tid 1828] [client ::1:51910] PHP Warning:  Undefined variable $page in C:\\xampp\\htdocs\\bizsoft_project\\index.php on line 56
[Thu Mar 31 09:35:45.257347 2022] [php:warn] [pid 18052:tid 1832] [client ::1:51921] PHP Warning:  Undefined variable $page in C:\\xampp\\htdocs\\bizsoft_project\\index.php on line 27, referer: http://localhost/bizsoft_project/downloadHRM.php
[Thu Mar 31 09:35:45.257347 2022] [php:warn] [pid 18052:tid 1832] [client ::1:51921] PHP Warning:  Undefined variable $page in C:\\xampp\\htdocs\\bizsoft_project\\index.php on line 30, referer: http://localhost/bizsoft_project/downloadHRM.php
[Thu Mar 31 09:35:45.257347 2022] [php:warn] [pid 18052:tid 1832] [client ::1:51921] PHP Warning:  Undefined variable $page in C:\\xampp\\htdocs\\bizsoft_project\\index.php on line 33, referer: http://localhost/bizsoft_project/downloadHRM.php
[Thu Mar 31 09:35:45.258387 2022] [php:warn] [pid 18052:tid 1832] [client ::1:51921] PHP Warning:  Undefined variable $page in C:\\xampp\\htdocs\\bizsoft_project\\index.php on line 41, referer: http://localhost/bizsoft_project/downloadHRM.php
[Thu Mar 31 09:35:45.258387 2022] [php:warn] [pid 18052:tid 1832] [client ::1:51921] PHP Warning:  Undefined variable $page in C:\\xampp\\htdocs\\bizsoft_project\\index.php on line 43, referer: http://localhost/bizsoft_project/downloadHRM.php
[Thu Mar 31 09:35:45.258387 2022] [php:warn] [pid 18052:tid 1832] [client ::1:51921] PHP Warning:  Undefined variable $page in C:\\xampp\\htdocs\\bizsoft_project\\index.php on line 51, referer: http://localhost/bizsoft_project/downloadHRM.php
[Thu Mar 31 09:35:45.258387 2022] [php:warn] [pid 18052:tid 1832] [client ::1:51921] PHP Warning:  Undefined variable $page in C:\\xampp\\htdocs\\bizsoft_project\\index.php on line 53, referer: http://localhost/bizsoft_project/downloadHRM.php
[Thu Mar 31 09:35:45.258387 2022] [php:warn] [pid 18052:tid 1832] [client ::1:51921] PHP Warning:  Undefined variable $page in C:\\xampp\\htdocs\\bizsoft_project\\index.php on line 56, referer: http://localhost/bizsoft_project/downloadHRM.php
[Thu Mar 31 09:35:45.258387 2022] [php:warn] [pid 18052:tid 1832] [client ::1:51921] PHP Warning:  Cannot modify header information - headers already sent by (output started at C:\\xampp\\htdocs\\bizsoft_project\\download_brochure.php:9) in C:\\xampp\\htdocs\\bizsoft_project\\download_brochure.php on line 13, referer: http://localhost/bizsoft_project/downloadHRM.php
[Thu Mar 31 09:35:58.468167 2022] [php:warn] [pid 18052:tid 1832] [client ::1:51927] PHP Warning:  Undefined variable $emailinfo in C:\\xampp\\htdocs\\bizsoft_project\\trialRequest.php on line 69, referer: http://localhost/bizsoft_project/downloadHRM.php
[Thu Mar 31 09:35:58.468167 2022] [php:warn] [pid 18052:tid 1832] [client ::1:51927] PHP Warning:  Undefined variable $emailinfo in C:\\xampp\\htdocs\\bizsoft_project\\trialRequest.php on line 71, referer: http://localhost/bizsoft_project/downloadHRM.php
[Thu Mar 31 09:35:58.468167 2022] [php:warn] [pid 18052:tid 1832] [client ::1:51927] PHP Warning:  Undefined variable $body in C:\\xampp\\htdocs\\bizsoft_project\\trialRequest.php on line 84, referer: http://localhost/bizsoft_project/downloadHRM.php
[Thu Mar 31 09:44:20.057890 2022] [php:warn] [pid 18052:tid 1832] [client ::1:59333] PHP Warning:  Undefined variable $page in C:\\xampp\\htdocs\\bizsoft_project\\index.php on line 27, referer: http://localhost/bizsoft_project/aboutUs.php
[Thu Mar 31 09:44:20.057890 2022] [php:warn] [pid 18052:tid 1832] [client ::1:59333] PHP Warning:  Undefined variable $page in C:\\xampp\\htdocs\\bizsoft_project\\index.php on line 30, referer: http://localhost/bizsoft_project/aboutUs.php
[Thu Mar 31 09:44:20.057890 2022] [php:warn] [pid 18052:tid 1832] [client ::1:59333] PHP Warning:  Undefined variable $page in C:\\xampp\\htdocs\\bizsoft_project\\index.php on line 33, referer: http://localhost/bizsoft_project/aboutUs.php
[Thu Mar 31 09:44:20.058887 2022] [php:warn] [pid 18052:tid 1832] [client ::1:59333] PHP Warning:  Undefined variable $page in C:\\xampp\\htdocs\\bizsoft_project\\index.php on line 41, referer: http://localhost/bizsoft_project/aboutUs.php
[Thu Mar 31 09:44:20.058887 2022] [php:warn] [pid 18052:tid 1832] [client ::1:59333] PHP Warning:  Undefined variable $page in C:\\xampp\\htdocs\\bizsoft_project\\index.php on line 43, referer: http://localhost/bizsoft_project/aboutUs.php
[Thu Mar 31 09:44:20.058887 2022] [php:warn] [pid 18052:tid 1832] [client ::1:59333] PHP Warning:  Undefined variable $page in C:\\xampp\\htdocs\\bizsoft_project\\index.php on line 51, referer: http://localhost/bizsoft_project/aboutUs.php
[Thu Mar 31 09:44:20.058887 2022] [php:warn] [pid 18052:tid 1832] [client ::1:59333] PHP Warning:  Undefined variable $page in C:\\xampp\\htdocs\\bizsoft_project\\index.php on line 53, referer: http://localhost/bizsoft_project/aboutUs.php
[Thu Mar 31 09:44:20.058887 2022] [php:warn] [pid 18052:tid 1832] [client ::1:59333] PHP Warning:  Undefined variable $page in C:\\xampp\\htdocs\\bizsoft_project\\index.php on line 56, referer: http://localhost/bizsoft_project/aboutUs.php
[Thu Mar 31 09:45:19.349892 2022] [php:warn] [pid 18052:tid 1860] [client ::1:59347] PHP Warning:  Undefined variable $page in C:\\xampp\\htdocs\\bizsoft_project\\index.php on line 27, referer: http://localhost/bizsoft_project/cloudsense.php
[Thu Mar 31 09:45:19.349892 2022] [php:warn] [pid 18052:tid 1860] [client ::1:59347] PHP Warning:  Undefined variable $page in C:\\xampp\\htdocs\\bizsoft_project\\index.php on line 30, referer: http://localhost/bizsoft_project/cloudsense.php
[Thu Mar 31 09:45:19.349892 2022] [php:warn] [pid 18052:tid 1860] [client ::1:59347] PHP Warning:  Undefined variable $page in C:\\xampp\\htdocs\\bizsoft_project\\index.php on line 33, referer: http://localhost/bizsoft_project/cloudsense.php
[Thu Mar 31 09:45:19.349892 2022] [php:warn] [pid 18052:tid 1860] [client ::1:59347] PHP Warning:  Undefined variable $page in C:\\xampp\\htdocs\\bizsoft_project\\index.php on line 41, referer: http://localhost/bizsoft_project/cloudsense.php
[Thu Mar 31 09:45:19.349892 2022] [php:warn] [pid 18052:tid 1860] [client ::1:59347] PHP Warning:  Undefined variable $page in C:\\xampp\\htdocs\\bizsoft_project\\index.php on line 43, referer: http://localhost/bizsoft_project/cloudsense.php
[Thu Mar 31 09:45:19.350899 2022] [php:warn] [pid 18052:tid 1860] [client ::1:59347] PHP Warning:  Undefined variable $page in C:\\xampp\\htdocs\\bizsoft_project\\index.php on line 51, referer: http://localhost/bizsoft_project/cloudsense.php
[Thu Mar 31 09:45:19.350899 2022] [php:warn] [pid 18052:tid 1860] [client ::1:59347] PHP Warning:  Undefined variable $page in C:\\xampp\\htdocs\\bizsoft_project\\index.php on line 53, referer: http://localhost/bizsoft_project/cloudsense.php
[Thu Mar 31 09:45:19.350899 2022] [php:warn] [pid 18052:tid 1860] [client ::1:59347] PHP Warning:  Undefined variable $page in C:\\xampp\\htdocs\\bizsoft_project\\index.php on line 56, referer: http://localhost/bizsoft_project/cloudsense.php
[Thu Mar 31 09:46:49.165502 2022] [php:warn] [pid 18052:tid 1860] [client ::1:59371] PHP Warning:  Undefined variable $page in C:\\xampp\\htdocs\\bizsoft_project\\includes\\header.php on line 27
[Thu Mar 31 09:46:49.165502 2022] [php:warn] [pid 18052:tid 1860] [client ::1:59371] PHP Warning:  Undefined variable $page in C:\\xampp\\htdocs\\bizsoft_project\\includes\\header.php on line 30
[Thu Mar 31 09:46:49.166502 2022] [php:warn] [pid 18052:tid 1860] [client ::1:59371] PHP Warning:  Undefined variable $page in C:\\xampp\\htdocs\\bizsoft_project\\includes\\header.php on line 33
[Thu Mar 31 09:46:49.166502 2022] [php:warn] [pid 18052:tid 1860] [client ::1:59371] PHP Warning:  Undefined variable $page in C:\\xampp\\htdocs\\bizsoft_project\\includes\\header.php on line 41
[Thu Mar 31 09:46:49.166502 2022] [php:warn] [pid 18052:tid 1860] [client ::1:59371] PHP Warning:  Undefined variable $page in C:\\xampp\\htdocs\\bizsoft_project\\includes\\header.php on line 43
[Thu Mar 31 09:46:49.166502 2022] [php:warn] [pid 18052:tid 1860] [client ::1:59371] PHP Warning:  Undefined variable $page in C:\\xampp\\htdocs\\bizsoft_project\\includes\\header.php on line 51
[Thu Mar 31 09:46:49.166502 2022] [php:warn] [pid 18052:tid 1860] [client ::1:59371] PHP Warning:  Undefined variable $page in C:\\xampp\\htdocs\\bizsoft_project\\includes\\header.php on line 53
[Thu Mar 31 09:46:49.166502 2022] [php:warn] [pid 18052:tid 1860] [client ::1:59371] PHP Warning:  Undefined variable $page in C:\\xampp\\htdocs\\bizsoft_project\\includes\\header.php on line 56
[Thu Mar 31 09:53:10.000602 2022] [php:error] [pid 18052:tid 1860] [client ::1:59424] script 'C:/xampp/htdocs/bizsoft_project/index.php' not found or unable to stat, referer: http://localhost/bizsoft_project/cloudsense.php
[Thu Mar 31 09:53:50.411037 2022] [php:warn] [pid 18052:tid 1860] [client ::1:59428] PHP Warning:  Undefined variable $page in C:\\xampp\\htdocs\\bizsoft_project\\index.php on line 27, referer: http://localhost/bizsoft_project/cloudsense.php
[Thu Mar 31 09:53:50.411037 2022] [php:warn] [pid 18052:tid 1860] [client ::1:59428] PHP Warning:  Undefined variable $page in C:\\xampp\\htdocs\\bizsoft_project\\index.php on line 30, referer: http://localhost/bizsoft_project/cloudsense.php
[Thu Mar 31 09:53:50.411037 2022] [php:warn] [pid 18052:tid 1860] [client ::1:59428] PHP Warning:  Undefined variable $page in C:\\xampp\\htdocs\\bizsoft_project\\index.php on line 33, referer: http://localhost/bizsoft_project/cloudsense.php
[Thu Mar 31 09:53:50.411037 2022] [php:warn] [pid 18052:tid 1860] [client ::1:59428] PHP Warning:  Undefined variable $page in C:\\xampp\\htdocs\\bizsoft_project\\index.php on line 41, referer: http://localhost/bizsoft_project/cloudsense.php
[Thu Mar 31 09:53:50.411037 2022] [php:warn] [pid 18052:tid 1860] [client ::1:59428] PHP Warning:  Undefined variable $page in C:\\xampp\\htdocs\\bizsoft_project\\index.php on line 43, referer: http://localhost/bizsoft_project/cloudsense.php
[Thu Mar 31 09:53:50.411037 2022] [php:warn] [pid 18052:tid 1860] [client ::1:59428] PHP Warning:  Undefined variable $page in C:\\xampp\\htdocs\\bizsoft_project\\index.php on line 51, referer: http://localhost/bizsoft_project/cloudsense.php
[Thu Mar 31 09:53:50.411037 2022] [php:warn] [pid 18052:tid 1860] [client ::1:59428] PHP Warning:  Undefined variable $page in C:\\xampp\\htdocs\\bizsoft_project\\index.php on line 53, referer: http://localhost/bizsoft_project/cloudsense.php
[Thu Mar 31 09:53:50.411037 2022] [php:warn] [pid 18052:tid 1860] [client ::1:59428] PHP Warning:  Undefined variable $page in C:\\xampp\\htdocs\\bizsoft_project\\index.php on line 56, referer: http://localhost/bizsoft_project/cloudsense.php
[Thu Mar 31 12:13:42.781496 2022] [php:warn] [pid 18052:tid 1860] [client ::1:60936] PHP Warning:  Undefined variable $emailinfo in C:\\xampp\\htdocs\\bizsoft_project\\trialRequest.php on line 69, referer: http://localhost/bizsoft_project/cloudsense.php
[Thu Mar 31 12:13:42.812770 2022] [php:warn] [pid 18052:tid 1860] [client ::1:60936] PHP Warning:  Undefined variable $emailinfo in C:\\xampp\\htdocs\\bizsoft_project\\trialRequest.php on line 71, referer: http://localhost/bizsoft_project/cloudsense.php
[Thu Mar 31 12:24:28.926514 2022] [mpm_winnt:notice] [pid 21388:tid 700] AH00422: Parent: Received shutdown signal -- Shutting down the server.
[Thu Mar 31 12:24:31.217712 2022] [mpm_winnt:notice] [pid 18052:tid 584] AH00364: Child: All worker threads have exited.
[Thu Mar 31 12:24:34.218785 2022] [mpm_winnt:notice] [pid 21388:tid 700] AH00430: Parent: Child process 18052 exited successfully.
[Thu Mar 31 12:26:08.735839 2022] [ssl:warn] [pid 22712:tid 644] AH01909: www.example.com:443:0 server certificate does NOT include an ID which matches the server name
[Thu Mar 31 12:26:08.814709 2022] [ssl:warn] [pid 22712:tid 644] AH01909: www.example.com:443:0 server certificate does NOT include an ID which matches the server name
[Thu Mar 31 12:26:09.998415 2022] [mpm_winnt:notice] [pid 22712:tid 644] AH00455: Apache/2.4.52 (Win64) OpenSSL/1.1.1m PHP/8.0.17 configured -- resuming normal operations
[Thu Mar 31 12:26:09.998415 2022] [mpm_winnt:notice] [pid 22712:tid 644] AH00456: Apache Lounge VS16 Server built: Dec 17 2021 10:17:38
[Thu Mar 31 12:26:09.998415 2022] [core:notice] [pid 22712:tid 644] AH00094: Command line: 'C:\\xampp\\apache\\bin\\httpd.exe -d C:/xampp/apache'
[Thu Mar 31 12:26:10.014039 2022] [mpm_winnt:notice] [pid 22712:tid 644] AH00418: Parent: Created child process 2744
[Thu Mar 31 12:26:10.344305 2022] [ssl:warn] [pid 2744:tid 384] AH01909: www.example.com:443:0 server certificate does NOT include an ID which matches the server name
[Thu Mar 31 12:26:10.422795 2022] [ssl:warn] [pid 2744:tid 384] AH01909: www.example.com:443:0 server certificate does NOT include an ID which matches the server name
[Thu Mar 31 12:26:10.438381 2022] [mpm_winnt:notice] [pid 2744:tid 384] AH00354: Child: Starting 150 worker threads.
